Archive member included to satisfy reference by file (symbol)

d:/aboutstm32/truestudio/truestudio for stm32 9.3.0/armtools/bin/../lib/gcc/arm-atollic-eabi/6.3.1/../../../../arm-atollic-eabi/lib/armv7-m\libc.a(lib_a-atoi.o)
                              App\module_4G\usart_4G.o (atoi)
d:/aboutstm32/truestudio/truestudio for stm32 9.3.0/armtools/bin/../lib/gcc/arm-atollic-eabi/6.3.1/../../../../arm-atollic-eabi/lib/armv7-m\libc.a(lib_a-atol.o)
                              IAP\Src\iap.o (atol)
d:/aboutstm32/truestudio/truestudio for stm32 9.3.0/armtools/bin/../lib/gcc/arm-atollic-eabi/6.3.1/../../../../arm-atollic-eabi/lib/armv7-m\libc.a(lib_a-init.o)
                              src\startup_stm32f10x_hd.o (__libc_init_array)
d:/aboutstm32/truestudio/truestudio for stm32 9.3.0/armtools/bin/../lib/gcc/arm-atollic-eabi/6.3.1/../../../../arm-atollic-eabi/lib/armv7-m\libc.a(lib_a-memcmp.o)
                              IAP\Src\iap.o (memcmp)
d:/aboutstm32/truestudio/truestudio for stm32 9.3.0/armtools/bin/../lib/gcc/arm-atollic-eabi/6.3.1/../../../../arm-atollic-eabi/lib/armv7-m\libc.a(lib_a-memcpy-stub.o)
                              App\tcp\public\tcp_public.o (memcpy)
d:/aboutstm32/truestudio/truestudio for stm32 9.3.0/armtools/bin/../lib/gcc/arm-atollic-eabi/6.3.1/../../../../arm-atollic-eabi/lib/armv7-m\libc.a(lib_a-memset.o)
                              App\module_4G\usart_4G.o (memset)
d:/aboutstm32/truestudio/truestudio for stm32 9.3.0/armtools/bin/../lib/gcc/arm-atollic-eabi/6.3.1/../../../../arm-atollic-eabi/lib/armv7-m\libc.a(lib_a-printf.o)
                              App\module_4G\usart_4G.o (printf)
d:/aboutstm32/truestudio/truestudio for stm32 9.3.0/armtools/bin/../lib/gcc/arm-atollic-eabi/6.3.1/../../../../arm-atollic-eabi/lib/armv7-m\libc.a(lib_a-puts.o)
                              App\module_4G\usart_4G.o (puts)
d:/aboutstm32/truestudio/truestudio for stm32 9.3.0/armtools/bin/../lib/gcc/arm-atollic-eabi/6.3.1/../../../../arm-atollic-eabi/lib/armv7-m\libc.a(lib_a-reent.o)
                              src\syscalls.o (errno)
d:/aboutstm32/truestudio/truestudio for stm32 9.3.0/armtools/bin/../lib/gcc/arm-atollic-eabi/6.3.1/../../../../arm-atollic-eabi/lib/armv7-m\libc.a(lib_a-snprintf.o)
                              App\tcp\public\tcp_public.o (snprintf)
d:/aboutstm32/truestudio/truestudio for stm32 9.3.0/armtools/bin/../lib/gcc/arm-atollic-eabi/6.3.1/../../../../arm-atollic-eabi/lib/armv7-m\libc.a(lib_a-sprintf.o)
                              App\module_4G\usart_4G.o (sprintf)
d:/aboutstm32/truestudio/truestudio for stm32 9.3.0/armtools/bin/../lib/gcc/arm-atollic-eabi/6.3.1/../../../../arm-atollic-eabi/lib/armv7-m\libc.a(lib_a-strchr.o)
                              App\module_4G\usart_4G.o (strchr)
d:/aboutstm32/truestudio/truestudio for stm32 9.3.0/armtools/bin/../lib/gcc/arm-atollic-eabi/6.3.1/../../../../arm-atollic-eabi/lib/armv7-m\libc.a(lib_a-strlen.o)
                              App\util\base64.o (strlen)
d:/aboutstm32/truestudio/truestudio for stm32 9.3.0/armtools/bin/../lib/gcc/arm-atollic-eabi/6.3.1/../../../../arm-atollic-eabi/lib/armv7-m\libc.a(lib_a-strncat.o)
                              App\util\md5.o (strncat)
d:/aboutstm32/truestudio/truestudio for stm32 9.3.0/armtools/bin/../lib/gcc/arm-atollic-eabi/6.3.1/../../../../arm-atollic-eabi/lib/armv7-m\libc.a(lib_a-strstr.o)
                              App\module_4G\usart_4G.o (strstr)
d:/aboutstm32/truestudio/truestudio for stm32 9.3.0/armtools/bin/../lib/gcc/arm-atollic-eabi/6.3.1/../../../../arm-atollic-eabi/lib/armv7-m\libc.a(lib_a-strtok.o)
                              App\module_4G\usart_4G.o (strtok)
d:/aboutstm32/truestudio/truestudio for stm32 9.3.0/armtools/bin/../lib/gcc/arm-atollic-eabi/6.3.1/../../../../arm-atollic-eabi/lib/armv7-m\libc.a(lib_a-strtok_r.o)
                              d:/aboutstm32/truestudio/truestudio for stm32 9.3.0/armtools/bin/../lib/gcc/arm-atollic-eabi/6.3.1/../../../../arm-atollic-eabi/lib/armv7-m\libc.a(lib_a-strtok.o) (__strtok_r)
d:/aboutstm32/truestudio/truestudio for stm32 9.3.0/armtools/bin/../lib/gcc/arm-atollic-eabi/6.3.1/../../../../arm-atollic-eabi/lib/armv7-m\libc.a(lib_a-strtol.o)
                              d:/aboutstm32/truestudio/truestudio for stm32 9.3.0/armtools/bin/../lib/gcc/arm-atollic-eabi/6.3.1/../../../../arm-atollic-eabi/lib/armv7-m\libc.a(lib_a-atoi.o) (_strtol_r)
d:/aboutstm32/truestudio/truestudio for stm32 9.3.0/armtools/bin/../lib/gcc/arm-atollic-eabi/6.3.1/../../../../arm-atollic-eabi/lib/armv7-m\libc.a(lib_a-svfprintf.o)
                              d:/aboutstm32/truestudio/truestudio for stm32 9.3.0/armtools/bin/../lib/gcc/arm-atollic-eabi/6.3.1/../../../../arm-atollic-eabi/lib/armv7-m\libc.a(lib_a-snprintf.o) (_svfprintf_r)
d:/aboutstm32/truestudio/truestudio for stm32 9.3.0/armtools/bin/../lib/gcc/arm-atollic-eabi/6.3.1/../../../../arm-atollic-eabi/lib/armv7-m\libc.a(lib_a-vfprintf.o)
[...]
Memory Configuration

Name             Origin             Length             Attributes
FLASH            0x08000000         0x00010000         xr
RAM              0x20000000         0x0000c000         xrw
MEMORY_B1        0x60000000         0x00000000         xr
*default*        0x00000000         0xffffffff

Linker script and memory map

LOAD d:/aboutstm32/truestudio/truestudio for stm32 9.3.0/armtools/bin/../lib/gcc/arm-atollic-eabi/6.3.1/armv7-m/crti.o
LOAD d:/aboutstm32/truestudio/truestudio for stm32 9.3.0/armtools/bin/../lib/gcc/arm-atollic-eabi/6.3.1/armv7-m/crtbegin.o
LOAD App\Tim\tim4.o
LOAD App\flash\STMFlash.o
LOAD App\module_4G\usart_4G.o
LOAD App\tcp\public\tcp_public.o
LOAD App\util\base64.o
LOAD App\util\md5.o
LOAD IAP\Src\common.o
LOAD IAP\Src\iap.o
LOAD Libraries\STM32F10x_StdPeriph_Driver\src\misc.o
LOAD Libraries\STM32F10x_StdPeriph_Driver\src\stm32f10x_adc.o
LOAD Libraries\STM32F10x_StdPeriph_Driver\src\stm32f10x_bkp.o
LOAD Libraries\STM32F10x_StdPeriph_Driver\src\stm32f10x_can.o
LOAD Libraries\STM32F10x_StdPeriph_Driver\src\stm32f10x_cec.o
LOAD Libraries\STM32F10x_StdPeriph_Driver\src\stm32f10x_crc.o
LOAD Libraries\STM32F10x_StdPeriph_Driver\src\stm32f10x_dac.o
LOAD Libraries\STM32F10x_StdPeriph_Driver\src\stm32f10x_dbgmcu.o
LOAD Libraries\STM32F10x_StdPeriph_Driver\src\stm32f10x_dma.o
LOAD Libraries\STM32F10x_StdPeriph_Driver\src\stm32f10x_exti.o
LOAD Libraries\STM32F10x_StdPeriph_Driver\src\stm32f10x_flash.o
LOAD Libraries\STM32F10x_StdPeriph_Driver\src\stm32f10x_fsmc.o
LOAD Libraries\STM32F10x_StdPeriph_Driver\src\stm32f10x_gpio.o
LOAD Libraries\STM32F10x_StdPeriph_Driver\src\stm32f10x_i2c.o
LOAD Libraries\STM32F10x_StdPeriph_Driver\src\stm32f10x_iwdg.o
LOAD Libraries\STM32F10x_StdPeriph_Driver\src\stm32f10x_pwr.o
LOAD Libraries\STM32F10x_StdPeriph_Driver\src\stm32f10x_rcc.o
LOAD Libraries\STM32F10x_StdPeriph_Driver\src\stm32f10x_rtc.o
LOAD Libraries\STM32F10x_StdPeriph_Driver\src\stm32f10x_sdio.o
LOAD Libraries\STM32F10x_StdPeriph_Driver\src\stm32f10x_spi.o
LOAD Libraries\STM32F10x_StdPeriph_Driver\src\stm32f10x_tim.o
LOAD Libraries\STM32F10x_StdPeriph_Driver\src\stm32f10x_usart.o
LOAD Libraries\STM32F10x_StdPeriph_Driver\src\stm32f10x_wwdg.o
LOAD MALLOC\malloc.o
LOAD Public\bit_band.o
LOAD Public\systick.o
LOAD Public\usart.o
LOAD src\main.o
LOAD src\startup_stm32f10x_hd.o
LOAD src\stm32f1xx_it.o
LOAD src\syscalls.o
LOAD src\system_stm32f10x.o
                0x00000080                malloc_getpagesize_P = 0x80
START GROUP
LOAD d:/aboutstm32/truestudio/truestudio for stm32 9.3.0/armtools/bin/../lib/gcc/arm-atollic-eabi/6.3.1/../../../../arm-atollic-eabi/lib/armv7-m\libc.a
LOAD d:/aboutstm32/truestudio/truestudio for stm32 9.3.0/armtools/bin/../lib/gcc/arm-atollic-eabi/6.3.1/../../../../arm-atollic-eabi/lib/armv7-m\libm.a
END GROUP
START GROUP
LOAD d:/aboutstm32/truestudio/truestudio for stm32 9.3.0/armtools/bin/../lib/gcc/arm-atollic-eabi/6.3.1/armv7-m\libgcc.a
LOAD d:/aboutstm32/truestudio/truestudio for stm32 9.3.0/armtools/bin/../lib/gcc/arm-atollic-eabi/6.3.1/../../../../arm-atollic-eabi/lib/armv7-m\libc.a
END GROUP
START GROUP
LOAD d:/aboutstm32/truestudio/truestudio for stm32 9.3.0/armtools/bin/../lib/gcc/arm-atollic-eabi/6.3.1/armv7-m\libgcc.a
LOAD d:/aboutstm32/truestudio/truestudio for stm32 9.3.0/armtools/bin/../lib/gcc/arm-atollic-eabi/6.3.1/../../../../arm-atollic-eabi/lib/armv7-m\libc.a
LOAD d:/aboutstm32/truestudio/truestudio for stm32 9.3.0/armtools/bin/../lib/gcc/arm-atollic-eabi/6.3.1/../../../../arm-atollic-eabi/lib/armv7-m\libnosys.a
END GROUP
LOAD d:/aboutstm32/truestudio/truestudio for stm32 9.3.0/armtools/bin/../lib/gcc/arm-atollic-eabi/6.3.1/armv7-m/crtend.o
LOAD d:/aboutstm32/truestudio/truestudio for stm32 9.3.0/armtools/bin/../lib/gcc/arm-atollic-eabi/6.3.1/armv7-m/crtn.o
                0x2000c000                _estack = 0x2000c000
                0x00000000                _Min_Heap_Size = 0x0
                0x00000200                _Min_Stack_Size = 0x200

.isr_vector     0x08000000      0x1e4
                0x08000000                . = ALIGN (0x4)
 *(.isr_vector)
 .isr_vector    0x08000000      0x1e4 src\startup_stm32f10x_hd.o
                0x08000000                g_pfnVectors
                0x080001e4                . = ALIGN (0x4)

.text           0x080001e8     0xb824
                0x080001e8                . = ALIGN (0x4)
 *(.text)
 .text          0x080001e8       0x40 d:/aboutstm32/truestudio/truestudio for stm32 9.3.0/armtools/bin/../lib/gcc/arm-atollic-eabi/6.3.1/armv7-m/crtbegin.o
 .text          0x08000228       0x10 d:/aboutstm32/truestudio/truestudio for stm32 9.3.0/armtools/bin/../lib/gcc/arm-atollic-eabi/6.3.1/../../../../arm-atollic-eabi/lib/armv7-m\libc.a(lib_a-strlen.o)
                0x08000228                strlen
 .text          0x08000238      0x370 d:/aboutstm32/truestudio/truestudio for stm32 9.3.0/armtools/bin/../lib/gcc/arm-atollic-eabi/6.3.1/armv7-m\libgcc.a(_arm_addsubdf3.o)
                0x08000238                __aeabi_drsub
                0x08000240                __aeabi_dsub
                0x08000240                __subdf3
                0x08000244                __aeabi_dadd
                0x08000244                __adddf3
                0x080004bc                __floatunsidf
                0x080004bc                __aeabi_ui2d
                0x080004dc                __floatsidf
                0x080004dc                __aeabi_i2d
                0x08000500                __aeabi_f2d
                0x08000500                __extendsfdf2
                0x0800053c                __floatundidf
                0x0800053c                __aeabi_ul2d
                0x0800054c                __floatdidf
                0x0800054c                __aeabi_l2d
 .text          0x080005a8      0x424 d:/aboutstm32/truestudio/truestudio for stm32 9.3.0/armtools/bin/../lib/gcc/arm-atollic-eabi/6.3.1/armv7-m\libgcc.a(_arm_muldivdf3.o)
                0x080005a8                __aeabi_dmul
                0x080005a8                __muldf3
                0x080007fc                __divdf3
                0x080007fc                __aeabi_ddiv
 .text          0x080009cc      0x110 d:/aboutstm32/truestudio/truestudio for stm32 9.3.0/armtools/bin/../lib/gcc/arm-atollic-eabi/6.3.1/armv7-m\libgcc.a(_arm_cmpdf2.o)
                0x080009cc                __gtdf2
                0x080009cc                __gedf2
                0x080009d4                __ltdf2
                0x080009d4                __ledf2
                0x080009dc                __nedf2
                0x080009dc                __eqdf2
                0x080009dc                __cmpdf2
                0x08000a58                __aeabi_cdrcmple
                0x08000a68                __aeabi_cdcmpeq
                0x08000a68                __aeabi_cdcmple
                0x08000a78                __aeabi_dcmpeq
                0x08000a8c                __aeabi_dcmplt
                0x08000aa0                __aeabi_dcmple
                0x08000ab4                __aeabi_dcmpge
                0x08000ac8                __aeabi_dcmpgt
 .text          0x08000adc       0x2c d:/aboutstm32/truestudio/truestudio for stm32 9.3.0/armtools/bin/../lib/gcc/arm-atollic-eabi/6.3.1/armv7-m\libgcc.a(_arm_unorddf2.o)
                0x08000adc                __unorddf2
                0x08000adc                __aeabi_dcmpun
 .text          0x08000b08       0x50 d:/aboutstm32/truestudio/truestudio for stm32 9.3.0/armtools/bin/../lib/gcc/arm-atollic-eabi/6.3.1/armv7-m\libgcc.a(_arm_fixdfsi.o)
                0x08000b08                __aeabi_d2iz
                0x08000b08                __fixdfsi
 .text          0x08000b58       0x30 d:/aboutstm32/truestudio/truestudio for stm32 9.3.0/armtools/bin/../lib/gcc/arm-atollic-eabi/6.3.1/armv7-m\libgcc.a(_aeabi_uldivmod.o)
                0x08000b58                __aeabi_uldivmod
 .text          0x08000b88      0x2dc d:/aboutstm32/truestudio/truestudio for stm32 9.3.0/armtools/bin/../lib/gcc/arm-atollic-eabi/6.3.1/armv7-m\libgcc.a(_udivmoddi4.o)
                0x08000b88                __udivmoddi4
 .text          0x08000e64        0x4 d:/aboutstm32/truestudio/truestudio for stm32 9.3.0/armtools/bin/../lib/gcc/arm-atollic-eabi/6.3.1/armv7-m\libgcc.a(_dvmd_tls.o)
                0x08000e64                __aeabi_idiv0
                0x08000e64                __aeabi_ldiv0
 *(.text*)
 .text.Init_led
                0x08000e68       0x50 App\Tim\tim4.o
                0x08000e68                Init_led
 .text.TIM4_Init
                0x08000eb8       0x80 App\Tim\tim4.o
                0x08000eb8                TIM4_Init
 .text.TIM4_IRQHandler
                0x08000f38       0x98 App\Tim\tim4.o
                0x08000f38                TIM4_IRQHandler
 .text.STMFLASH_ReadHalfWord
                0x08000fd0       0x18 App\flash\STMFlash.o
                0x08000fd0                STMFLASH_ReadHalfWord
 .text.STMFLASH_Write_NoCheck
                0x08000fe8       0x42 App\flash\STMFlash.o
                0x08000fe8                STMFLASH_Write_NoCheck
 *fill*         0x0800102a        0x2 
 .text.STMFLASH_Write
                0x0800102c      0x150 App\flash\STMFlash.o
                0x0800102c                STMFLASH_Write
 .text.STMFLASH_Read
                0x0800117c       0x42 App\flash\STMFlash.o
                0x0800117c                STMFLASH_Read
 *fill*         0x080011be        0x2 
 .text.WriteDeviceID
                0x080011c0       0x20 App\flash\STMFlash.o
                0x080011c0                WriteDeviceID
 .text.ReadDeviceID
                0x080011e0       0x20 App\flash\STMFlash.o
                0x080011e0                ReadDeviceID
 .text.writeVersion
                0x08001200       0x20 App\flash\STMFlash.o
                0x08001200                writeVersion
 .text.ReadVersion
                0x08001220       0x20 App\flash\STMFlash.o
                0x08001220                ReadVersion
 .text.WriteAPPServer
                0x08001240       0x20 App\flash\STMFlash.o
                0x08001240                WriteAPPServer
 .text.USART2_Init
                0x08001260       0xb0 App\module_4G\usart_4G.o
                0x08001260                USART2_Init
 .text.F4G_Init
                0x08001310      0x100 App\module_4G\usart_4G.o
                0x08001310                F4G_Init
 .text.USART2_IRQHandler
                0x08001410      0x130 App\module_4G\usart_4G.o
                0x08001410                USART2_IRQHandler
 .text.ConnectToServerBy4G
                0x08001540      0x1c0 App\module_4G\usart_4G.o
                0x08001540                ConnectToServerBy4G
 .text.F4G_ExitUnvarnishSend
                0x08001700       0x28 App\module_4G\usart_4G.o
                0x08001700                F4G_ExitUnvarnishSend
 .text.getModuleMes
                0x08001728      0x1e0 App\module_4G\usart_4G.o
                0x08001728                getModuleMes
 .text.myitoa   0x08001908       0xc0 App\tcp\public\tcp_public.o
 .text._USART_printf
                0x080019c8      0x148 App\tcp\public\tcp_public.o
                0x080019c8                _USART_printf
 .text.Send_AT_Cmd
                0x08001b10       0xf4 App\tcp\public\tcp_public.o
                0x08001b10                Send_AT_Cmd
 .text.AT_Test  0x08001c04       0xb8 App\tcp\public\tcp_public.o
                0x08001c04                AT_Test
 .text.mySplit  0x08001cbc       0x7c App\tcp\public\tcp_public.o
                0x08001cbc                mySplit
 .text.TCP_sendStr
                0x08001d38       0xa4 App\tcp\public\tcp_public.o
                0x08001d38                TCP_sendStr
 .text.getRegisterStr
                0x08001ddc       0x60 App\tcp\public\tcp_public.o
                0x08001ddc                getRegisterStr
 .text.base64_encode
                0x08001e3c      0x19c App\util\base64.o
                0x08001e3c                base64_encode
 .text.num_strchr
                0x08001fd8       0x32 App\util\base64.o
                0x08001fd8                num_strchr
 *fill*         0x0800200a        0x2 
 .text.base64_decode
                0x0800200c      0x140 App\util\base64.o
                0x0800200c                base64_decode
 .text.MD5Init  0x0800214c       0x48 App\util\md5.o
                0x0800214c                MD5Init
 .text.MD5Update
                0x08002194       0xe0 App\util\md5.o
                0x08002194                MD5Update
 .text.MD5Final
                0x08002274       0x74 App\util\md5.o
                0x08002274                MD5Final
 .text.MD5Encode
                0x080022e8       0x90 App\util\md5.o
                0x080022e8                MD5Encode
 .text.MD5Decode
                0x08002378       0x74 App\util\md5.o
                0x08002378                MD5Decode
 .text.MD5Transform
                0x080023ec     0x12cc App\util\md5.o
                0x080023ec                MD5Transform
 .text.getMD5Str
                0x080036b8       0xb0 App\util\md5.o
                0x080036b8                getMD5Str
 .text.Int2Str  0x08003768       0xa8 IAP\Src\common.o
                0x08003768                Int2Str
 .text.FLASH_PagesMask
                0x08003810       0x36 IAP\Src\common.o
                0x08003810                FLASH_PagesMask
 *fill*         0x08003846        0x2 
 .text.EraseSomePages
                0x08003848       0xb0 IAP\Src\common.o
                0x08003848                EraseSomePages
 .text.NVIC_SystemReset
                0x080038f8       0x28 IAP\Src\iap.o
 .text.catReqStr4UPdate
                0x08003920       0x3c IAP\Src\iap.o
                0x08003920                catReqStr4UPdate
 .text.request  0x0800395c       0x94 IAP\Src\iap.o
                0x0800395c                request
 .text.request4UPdate
                0x080039f0       0x7c IAP\Src\iap.o
                0x080039f0                request4UPdate
 .text.request4UPdataComplete
                0x08003a6c       0x98 IAP\Src\iap.o
                0x08003a6c                request4UPdataComplete
 .text.FLASH_DisableWriteProtectionPages
                0x08003b04       0xe0 IAP\Src\iap.o
 .text.IAP_WriteFlag
                0x08003be4       0x2c IAP\Src\iap.o
                0x08003be4                IAP_WriteFlag
 .text.IAP_ReadFlag
                0x08003c10       0x14 IAP\Src\iap.o
                0x08003c10                IAP_ReadFlag
 .text.IAP_USART_Init
                0x08003c24       0x1c IAP\Src\iap.o
                0x08003c24                IAP_USART_Init
 .text.IAP_Init
                0x08003c40       0x34 IAP\Src\iap.o
                0x08003c40                IAP_Init
 .text.IAP_RunApp
                0x08003c74       0x98 IAP\Src\iap.o
                0x08003c74                IAP_RunApp
 .text.IAP_Main_Menu
                0x08003d0c      0x140 IAP\Src\iap.o
                0x08003d0c                IAP_Main_Menu
 .text.check_response
                0x08003e4c      0x1b4 IAP\Src\iap.o
                0x08003e4c                check_response
 .text.IAP_Update
                0x08004000      0x7f4 IAP\Src\iap.o
                0x08004000                IAP_Update
 .text.IAP_Upload
                0x080047f4       0x14 IAP\Src\iap.o
                0x080047f4                IAP_Upload
 .text.IAP_Erase
                0x08004808       0x4c IAP\Src\iap.o
                0x08004808                IAP_Erase
 .text.Set_DeviceID
                0x08004854      0x130 IAP\Src\iap.o
                0x08004854                Set_DeviceID
 .text.Get_DeviceID
                0x08004984       0x1c IAP\Src\iap.o
                0x08004984                Get_DeviceID
 .text.NVIC_PriorityGroupConfig
                0x080049a0       0x24 Libraries\STM32F10x_StdPeriph_Driver\src\misc.o
                0x080049a0                NVIC_PriorityGroupConfig
 .text.NVIC_Init
                0x080049c4       0xc4 Libraries\STM32F10x_StdPeriph_Driver\src\misc.o
                0x080049c4                NVIC_Init
 .text.SysTick_CLKSourceConfig
                0x08004a88       0x38 Libraries\STM32F10x_StdPeriph_Driver\src\misc.o
                0x08004a88                SysTick_CLKSourceConfig
 .text.FLASH_SetLatency
                0x08004ac0       0x38 Libraries\STM32F10x_StdPeriph_Driver\src\stm32f10x_flash.o
                0x08004ac0                FLASH_SetLatency
 .text.FLASH_PrefetchBufferCmd
                0x08004af8       0x30 Libraries\STM32F10x_StdPeriph_Driver\src\stm32f10x_flash.o
                0x08004af8                FLASH_PrefetchBufferCmd
 .text.FLASH_Unlock
                0x08004b28       0x24 Libraries\STM32F10x_StdPeriph_Driver\src\stm32f10x_flash.o
                0x08004b28                FLASH_Unlock
 .text.FLASH_Lock
                0x08004b4c       0x1c Libraries\STM32F10x_StdPeriph_Driver\src\stm32f10x_flash.o
                0x08004b4c                FLASH_Lock
 .text.FLASH_ErasePage
                0x08004b68       0x64 Libraries\STM32F10x_StdPeriph_Driver\src\stm32f10x_flash.o
                0x08004b68                FLASH_ErasePage
 .text.FLASH_EraseOptionBytes
                0x08004bcc       0xd4 Libraries\STM32F10x_StdPeriph_Driver\src\stm32f10x_flash.o
                0x08004bcc                FLASH_EraseOptionBytes
 .text.FLASH_ProgramWord
                0x08004ca0       0x94 Libraries\STM32F10x_StdPeriph_Driver\src\stm32f10x_flash.o
                0x08004ca0                FLASH_ProgramWord
 .text.FLASH_ProgramHalfWord
                0x08004d34       0x5c Libraries\STM32F10x_StdPeriph_Driver\src\stm32f10x_flash.o
                0x08004d34                FLASH_ProgramHalfWord
 .text.FLASH_EnableWriteProtection
                0x08004d90      0x118 Libraries\STM32F10x_StdPeriph_Driver\src\stm32f10x_flash.o
                0x08004d90                FLASH_EnableWriteProtection
 .text.FLASH_UserOptionByteConfig
                0x08004ea8       0x94 Libraries\STM32F10x_StdPeriph_Driver\src\stm32f10x_flash.o
                0x08004ea8                FLASH_UserOptionByteConfig
 .text.FLASH_GetUserOptionByte
                0x08004f3c       0x18 Libraries\STM32F10x_StdPeriph_Driver\src\stm32f10x_flash.o
                0x08004f3c                FLASH_GetUserOptionByte
 .text.FLASH_GetWriteProtectionOptionByte
                0x08004f54       0x14 Libraries\STM32F10x_StdPeriph_Driver\src\stm32f10x_flash.o
                0x08004f54                FLASH_GetWriteProtectionOptionByte
 .text.FLASH_GetReadOutProtectionStatus
                0x08004f68       0x30 Libraries\STM32F10x_StdPeriph_Driver\src\stm32f10x_flash.o
                0x08004f68                FLASH_GetReadOutProtectionStatus
 .text.FLASH_GetBank1Status
                0x08004f98       0x54 Libraries\STM32F10x_StdPeriph_Driver\src\stm32f10x_flash.o
                0x08004f98                FLASH_GetBank1Status
 .text.FLASH_WaitForLastOperation
                0x08004fec       0x44 Libraries\STM32F10x_StdPeriph_Driver\src\stm32f10x_flash.o
                0x08004fec                FLASH_WaitForLastOperation
 .text.GPIO_Init
                0x08005030      0x178 Libraries\STM32F10x_StdPeriph_Driver\src\stm32f10x_gpio.o
                0x08005030                GPIO_Init
 .text.GPIO_SetBits
                0x080051a8       0x1c Libraries\STM32F10x_StdPeriph_Driver\src\stm32f10x_gpio.o
                0x080051a8                GPIO_SetBits
 .text.GPIO_ResetBits
                0x080051c4       0x1c Libraries\STM32F10x_StdPeriph_Driver\src\stm32f10x_gpio.o
                0x080051c4                GPIO_ResetBits
 .text.GPIO_PinRemapConfig
                0x080051e0       0xe0 Libraries\STM32F10x_StdPeriph_Driver\src\stm32f10x_gpio.o
                0x080051e0                GPIO_PinRemapConfig
 .text.RCC_DeInit
                0x080052c0       0x5c Libraries\STM32F10x_StdPeriph_Driver\src\stm32f10x_rcc.o
                0x080052c0                RCC_DeInit
 .text.RCC_HSICmd
                0x0800531c       0x20 Libraries\STM32F10x_StdPeriph_Driver\src\stm32f10x_rcc.o
                0x0800531c                RCC_HSICmd
 .text.RCC_PLLConfig
                0x0800533c       0x3c Libraries\STM32F10x_StdPeriph_Driver\src\stm32f10x_rcc.o
                0x0800533c                RCC_PLLConfig
 .text.RCC_PLLCmd
                0x08005378       0x20 Libraries\STM32F10x_StdPeriph_Driver\src\stm32f10x_rcc.o
                0x08005378                RCC_PLLCmd
 .text.RCC_SYSCLKConfig
                0x08005398       0x38 Libraries\STM32F10x_StdPeriph_Driver\src\stm32f10x_rcc.o
                0x08005398                RCC_SYSCLKConfig
 .text.RCC_GetSYSCLKSource
                0x080053d0       0x1c Libraries\STM32F10x_StdPeriph_Driver\src\stm32f10x_rcc.o
                0x080053d0                RCC_GetSYSCLKSource
 .text.RCC_HCLKConfig
                0x080053ec       0x38 Libraries\STM32F10x_StdPeriph_Driver\src\stm32f10x_rcc.o
                0x080053ec                RCC_HCLKConfig
 .text.RCC_PCLK1Config
                0x08005424       0x38 Libraries\STM32F10x_StdPeriph_Driver\src\stm32f10x_rcc.o
                0x08005424                RCC_PCLK1Config
 .text.RCC_PCLK2Config
                0x0800545c       0x38 Libraries\STM32F10x_StdPeriph_Driver\src\stm32f10x_rcc.o
                0x0800545c                RCC_PCLK2Config
 .text.RCC_GetClocksFreq
                0x08005494      0x160 Libraries\STM32F10x_StdPeriph_Driver\src\stm32f10x_rcc.o
                0x08005494                RCC_GetClocksFreq
 .text.RCC_APB2PeriphClockCmd
                0x080055f4       0x3c Libraries\STM32F10x_StdPeriph_Driver\src\stm32f10x_rcc.o
                0x080055f4                RCC_APB2PeriphClockCmd
 .text.RCC_APB1PeriphClockCmd
                0x08005630       0x3c Libraries\STM32F10x_StdPeriph_Driver\src\stm32f10x_rcc.o
                0x08005630                RCC_APB1PeriphClockCmd
 .text.RCC_APB2PeriphResetCmd
                0x0800566c       0x3c Libraries\STM32F10x_StdPeriph_Driver\src\stm32f10x_rcc.o
                0x0800566c                RCC_APB2PeriphResetCmd
 .text.RCC_APB1PeriphResetCmd
                0x080056a8       0x3c Libraries\STM32F10x_StdPeriph_Driver\src\stm32f10x_rcc.o
                0x080056a8                RCC_APB1PeriphResetCmd
 .text.RCC_GetFlagStatus
                0x080056e4       0x74 Libraries\STM32F10x_StdPeriph_Driver\src\stm32f10x_rcc.o
                0x080056e4                RCC_GetFlagStatus
 .text.TIM_DeInit
                0x08005758      0x22c Libraries\STM32F10x_StdPeriph_Driver\src\stm32f10x_tim.o
                0x08005758                TIM_DeInit
 .text.TIM_TimeBaseInit
                0x08005984       0xf8 Libraries\STM32F10x_StdPeriph_Driver\src\stm32f10x_tim.o
                0x08005984                TIM_TimeBaseInit
 .text.TIM_Cmd  0x08005a7c       0x3e Libraries\STM32F10x_StdPeriph_Driver\src\stm32f10x_tim.o
                0x08005a7c                TIM_Cmd
 .text.TIM_ITConfig
                0x08005aba       0x46 Libraries\STM32F10x_StdPeriph_Driver\src\stm32f10x_tim.o
                0x08005aba                TIM_ITConfig
 .text.TIM_GetITStatus
                0x08005b00       0x52 Libraries\STM32F10x_StdPeriph_Driver\src\stm32f10x_tim.o
                0x08005b00                TIM_GetITStatus
 .text.TIM_ClearITPendingBit
                0x08005b52       0x20 Libraries\STM32F10x_StdPeriph_Driver\src\stm32f10x_tim.o
                0x08005b52                TIM_ClearITPendingBit
 *fill*         0x08005b72        0x2 
 .text.USART_DeInit
                0x08005b74       0xb8 Libraries\STM32F10x_StdPeriph_Driver\src\stm32f10x_usart.o
                0x08005b74                USART_DeInit
 .text.USART_Init
                0x08005c2c      0x174 Libraries\STM32F10x_StdPeriph_Driver\src\stm32f10x_usart.o
                0x08005c2c                USART_Init
 .text.USART_Cmd
                0x08005da0       0x3e Libraries\STM32F10x_StdPeriph_Driver\src\stm32f10x_usart.o
                0x08005da0                USART_Cmd
 .text.USART_ITConfig
                0x08005dde       0x8e Libraries\STM32F10x_StdPeriph_Driver\src\stm32f10x_usart.o
                0x08005dde                USART_ITConfig
 .text.USART_SendData
                0x08005e6c       0x22 Libraries\STM32F10x_StdPeriph_Driver\src\stm32f10x_usart.o
                0x08005e6c                USART_SendData
 .text.USART_ReceiveData
                0x08005e8e       0x1e Libraries\STM32F10x_StdPeriph_Driver\src\stm32f10x_usart.o
                0x08005e8e                USART_ReceiveData
 .text.USART_GetFlagStatus
                0x08005eac       0x36 Libraries\STM32F10x_StdPeriph_Driver\src\stm32f10x_usart.o
                0x08005eac                USART_GetFlagStatus
 .text.USART_ClearFlag
                0x08005ee2       0x20 Libraries\STM32F10x_StdPeriph_Driver\src\stm32f10x_usart.o
                0x08005ee2                USART_ClearFlag
 .text.USART_GetITStatus
                0x08005f02       0xb4 Libraries\STM32F10x_StdPeriph_Driver\src\stm32f10x_usart.o
                0x08005f02                USART_GetITStatus
 .text.my_mem_set
                0x08005fb6       0x32 MALLOC\malloc.o
                0x08005fb6                my_mem_set
 .text.my_mem_init
                0x08005fe8       0x34 MALLOC\malloc.o
                0x08005fe8                my_mem_init
 .text.my_mem_perused
                0x0800601c       0x58 MALLOC\malloc.o
                0x0800601c                my_mem_perused
 .text.my_mem_malloc
                0x08006074       0xc8 MALLOC\malloc.o
                0x08006074                my_mem_malloc
 .text.my_mem_free
                0x0800613c       0x74 MALLOC\malloc.o
                0x0800613c                my_mem_free
 .text.myfree   0x080061b0       0x2c MALLOC\malloc.o
                0x080061b0                myfree
 .text.mymalloc
                0x080061dc       0x34 MALLOC\malloc.o
                0x080061dc                mymalloc
 .text.SysTick_Init
                0x08006210       0x44 Public\systick.o
                0x08006210                SysTick_Init
 .text.delay_ms
                0x08006254       0x68 Public\systick.o
                0x08006254                delay_ms
 .text.USART1_Init
                0x080062bc       0xb4 Public\usart.o
                0x080062bc                USART1_Init
 .text.USART1_IRQHandler
                0x08006370      0x130 Public\usart.o
                0x08006370                USART1_IRQHandler
 .text.UT_split
                0x080064a0       0x78 Public\usart.o
                0x080064a0                UT_split
 .text.NVIC_SystemReset
                0x08006518       0x28 src\main.o
 .text.HSI_SetSysClock
                0x08006540       0x84 src\main.o
                0x08006540                HSI_SetSysClock
 .text.main     0x080065c4      0x11c src\main.o
                0x080065c4                main
 .text.Reset_Handler
                0x080066e0       0x50 src\startup_stm32f10x_hd.o
                0x080066e0                Reset_Handler
 .text.Default_Handler
                0x08006730        0x2 src\startup_stm32f10x_hd.o
                0x08006730                EXTI2_IRQHandler
                0x08006730                TIM8_TRG_COM_IRQHandler
                0x08006730                TIM8_CC_IRQHandler
                0x08006730                TIM1_CC_IRQHandler
                0x08006730                TIM6_IRQHandler
                0x08006730                PVD_IRQHandler
                0x08006730                SDIO_IRQHandler
                0x08006730                EXTI3_IRQHandler
                0x08006730                EXTI0_IRQHandler
                0x08006730                I2C2_EV_IRQHandler
                0x08006730                ADC1_2_IRQHandler
                0x08006730                SPI1_IRQHandler
                0x08006730                TAMPER_IRQHandler
                0x08006730                TIM8_UP_IRQHandler
                0x08006730                DMA2_Channel2_IRQHandler
                0x08006730                DMA1_Channel4_IRQHandler
                0x08006730                USART3_IRQHandler
                0x08006730                RTC_IRQHandler
                0x08006730                DMA1_Channel7_IRQHandler
                0x08006730                CAN1_RX1_IRQHandler
                0x08006730                UART5_IRQHandler
                0x08006730                ADC3_IRQHandler
                0x08006730                DMA2_Channel1_IRQHandler
                0x08006730                I2C1_EV_IRQHandler
                0x08006730                DMA1_Channel6_IRQHandler
                0x08006730                UART4_IRQHandler
                0x08006730                TIM3_IRQHandler
                0x08006730                RCC_IRQHandler
                0x08006730                TIM1_TRG_COM_IRQHandler
                0x08006730                DMA1_Channel1_IRQHandler
                0x08006730                Default_Handler
                0x08006730                EXTI15_10_IRQHandler
                0x08006730                TIM7_IRQHandler
                0x08006730                TIM5_IRQHandler
                0x08006730                EXTI9_5_IRQHandler
                0x08006730                SPI2_IRQHandler
                0x08006730                DMA1_Channel5_IRQHandler
                0x08006730                EXTI4_IRQHandler
                0x08006730                USB_LP_CAN1_RX0_IRQHandler
                0x08006730                USB_HP_CAN1_TX_IRQHandler
                0x08006730                DMA1_Channel3_IRQHandler
                0x08006730                FSMC_IRQHandler
                0x08006730                TIM1_UP_IRQHandler
                0x08006730                WWDG_IRQHandler
                0x08006730                TIM2_IRQHandler
                0x08006730                TIM1_BRK_IRQHandler
                0x08006730                EXTI1_IRQHandler
                0x08006730                RTCAlarm_IRQHandler
                0x08006730                DMA2_Channel4_5_IRQHandler
                0x08006730                I2C2_ER_IRQHandler
                0x08006730                DMA1_Channel2_IRQHandler
                0x08006730                TIM8_BRK_IRQHandler
                0x08006730                CAN1_SCE_IRQHandler
                0x08006730                FLASH_IRQHandler
                0x08006730                SPI3_IRQHandler
                0x08006730                I2C1_ER_IRQHandler
                0x08006730                USBWakeUp_IRQHandler
                0x08006730                DMA2_Channel3_IRQHandler
 .text.NMI_Handler
                0x08006732        0xc src\stm32f1xx_it.o
                0x08006732                NMI_Handler
 *fill*         0x0800673e        0x2 
 .text.HardFault_Handler
                0x08006740       0x10 src\stm32f1xx_it.o
                0x08006740                HardFault_Handler
 .text.MemManage_Handler
                0x08006750        0x6 src\stm32f1xx_it.o
                0x08006750                MemManage_Handler
 .text.BusFault_Handler
                0x08006756        0x6 src\stm32f1xx_it.o
                0x08006756                BusFault_Handler
 .text.UsageFault_Handler
                0x0800675c        0x6 src\stm32f1xx_it.o
                0x0800675c                UsageFault_Handler
 .text.SVC_Handler
                0x08006762        0xc src\stm32f1xx_it.o
                0x08006762                SVC_Handler
 .text.DebugMon_Handler
                0x0800676e        0xc src\stm32f1xx_it.o
                0x0800676e                DebugMon_Handler
 .text.PendSV_Handler
                0x0800677a        0xc src\stm32f1xx_it.o
                0x0800677a                PendSV_Handler
 .text.SysTick_Handler
                0x08006786        0xc src\stm32f1xx_it.o
                0x08006786                SysTick_Handler
 *fill*         0x08006792        0x2 
 .text.__io_putchar
                0x08006794       0x34 src\syscalls.o
                0x08006794                __io_putchar
 .text._write   0x080067c8       0x38 src\syscalls.o
                0x080067c8                _write
 .text._sbrk    0x08006800       0x3c src\syscalls.o
                0x08006800                _sbrk
 .text._close   0x0800683c       0x20 src\syscalls.o
                0x0800683c                _close
 .text._fstat   0x0800685c       0x24 src\syscalls.o
                0x0800685c                _fstat
 .text._isatty  0x08006880       0x20 src\syscalls.o
                0x08006880                _isatty
 .text._lseek   0x080068a0       0x24 src\syscalls.o
                0x080068a0                _lseek
 .text._read    0x080068c4       0x24 src\syscalls.o
                0x080068c4                _read
 .text.SystemInit
                0x080068e8       0x68 src\system_stm32f10x.o
                0x080068e8                SystemInit
 .text.SetSysClock
                0x08006950        0xc src\system_stm32f10x.o
 .text.SetSysClockTo72
                0x0800695c      0x100 src\system_stm32f10x.o
 .text.atoi     0x08006a5c        0x8 d:/aboutstm32/truestudio/truestudio for stm32 9.3.0/armtools/bin/../lib/gcc/arm-atollic-eabi/6.3.1/../../../../arm-atollic-eabi/lib/armv7-m\libc.a(lib_a-atoi.o)
                0x08006a5c                atoi
 .text.atol     0x08006a64        0x8 d:/aboutstm32/truestudio/truestudio for stm32 9.3.0/armtools/bin/../lib/gcc/arm-atollic-eabi/6.3.1/../../../../arm-atollic-eabi/lib/armv7-m\libc.a(lib_a-atol.o)
                0x08006a64                atol
 .text.__libc_init_array
                0x08006a6c       0x48 d:/aboutstm32/truestudio/truestudio for stm32 9.3.0/armtools/bin/../lib/gcc/arm-atollic-eabi/6.3.1/../../../../arm-atollic-eabi/lib/armv7-m\libc.a(lib_a-init.o)
                0x08006a6c                __libc_init_array
 .text.memcmp   0x08006ab4       0x1e d:/aboutstm32/truestudio/truestudio for stm32 9.3.0/armtools/bin/../lib/gcc/arm-atollic-eabi/6.3.1/../../../../arm-atollic-eabi/lib/armv7-m\libc.a(lib_a-memcmp.o)
                0x08006ab4                memcmp
 .text.memcpy   0x08006ad2       0x16 d:/aboutstm32/truestudio/truestudio for stm32 9.3.0/armtools/bin/../lib/gcc/arm-atollic-eabi/6.3.1/../../../../arm-atollic-eabi/lib/armv7-m\libc.a(lib_a-memcpy-stub.o)
                0x08006ad2                memcpy
 .text.memset   0x08006ae8       0x10 d:/aboutstm32/truestudio/truestudio for stm32 9.3.0/armtools/bin/../lib/gcc/arm-atollic-eabi/6.3.1/../../../../arm-atollic-eabi/lib/armv7-m\libc.a(lib_a-memset.o)
                0x08006ae8                memset
 .text.printf   0x08006af8       0x30 d:/aboutstm32/truestudio/truestudio for stm32 9.3.0/armtools/bin/../lib/gcc/arm-atollic-eabi/6.3.1/../../../../arm-atollic-eabi/lib/armv7-m\libc.a(lib_a-printf.o)
                0x08006af8                printf
 .text._puts_r  0x08006b28       0xc0 d:/aboutstm32/truestudio/truestudio for stm32 9.3.0/armtools/bin/../lib/gcc/arm-atollic-eabi/6.3.1/../../../../arm-atollic-eabi/lib/armv7-m\libc.a(lib_a-puts.o)
                0x08006b28                _puts_r
 .text.puts     0x08006be8       0x10 d:/aboutstm32/truestudio/truestudio for stm32 9.3.0/armtools/bin/../lib/gcc/arm-atollic-eabi/6.3.1/../../../../arm-atollic-eabi/lib/armv7-m\libc.a(lib_a-puts.o)
                0x08006be8                puts
 .text.snprintf
                0x08006bf8       0x68 d:/aboutstm32/truestudio/truestudio for stm32 9.3.0/armtools/bin/../lib/gcc/arm-atollic-eabi/6.3.1/../../../../arm-atollic-eabi/lib/armv7-m\libc.a(lib_a-snprintf.o)
                0x08006bf8                snprintf
 .text.sprintf  0x08006c60       0x48 d:/aboutstm32/truestudio/truestudio for stm32 9.3.0/armtools/bin/../lib/gcc/arm-atollic-eabi/6.3.1/../../../../arm-atollic-eabi/lib/armv7-m\libc.a(lib_a-sprintf.o)
                0x08006c60                sprintf
 .text.strchr   0x08006ca8       0x1c d:/aboutstm32/truestudio/truestudio for stm32 9.3.0/armtools/bin/../lib/gcc/arm-atollic-eabi/6.3.1/../../../../arm-atollic-eabi/lib/armv7-m\libc.a(lib_a-strchr.o)
                0x08006ca8                strchr
 .text.strncat  0x08006cc4       0x28 d:/aboutstm32/truestudio/truestudio for stm32 9.3.0/armtools/bin/../lib/gcc/arm-atollic-eabi/6.3.1/../../../../arm-atollic-eabi/lib/armv7-m\libc.a(lib_a-strncat.o)
                0x08006cc4                strncat
 .text.strstr   0x08006cec       0x36 d:/aboutstm32/truestudio/truestudio for stm32 9.3.0/armtools/bin/../lib/gcc/arm-atollic-eabi/6.3.1/../../../../arm-atollic-eabi/lib/armv7-m\libc.a(lib_a-strstr.o)
                0x08006cec                strstr
 *fill*         0x08006d22        0x2 
 .text.strtok   0x08006d24       0x58 d:/aboutstm32/truestudio/truestudio for stm32 9.3.0/armtools/bin/../lib/gcc/arm-atollic-eabi/6.3.1/../../../../arm-atollic-eabi/lib/armv7-m\libc.a(lib_a-strtok.o)
                0x08006d24                strtok
 .text.__strtok_r
                0x08006d7c       0x52 d:/aboutstm32/truestudio/truestudio for stm32 9.3.0/armtools/bin/../lib/gcc/arm-atollic-eabi/6.3.1/../../../../arm-atollic-eabi/lib/armv7-m\libc.a(lib_a-strtok_r.o)
                0x08006d7c                __strtok_r
 .text._strtol_l.isra.0
                0x08006dce      0x100 d:/aboutstm32/truestudio/truestudio for stm32 9.3.0/armtools/bin/../lib/gcc/arm-atollic-eabi/6.3.1/../../../../arm-atollic-eabi/lib/armv7-m\libc.a(lib_a-strtol.o)
 *fill*         0x08006ece        0x2 
 .text.strtol   0x08006ed0       0x2c d:/aboutstm32/truestudio/truestudio for stm32 9.3.0/armtools/bin/../lib/gcc/arm-atollic-eabi/6.3.1/../../../../arm-atollic-eabi/lib/armv7-m\libc.a(lib_a-strtol.o)
                0x08006ed0                strtol
 .text._svfprintf_r
                0x08006efc      0xfa0 d:/aboutstm32/truestudio/truestudio for stm32 9.3.0/armtools/bin/../lib/gcc/arm-atollic-eabi/6.3.1/../../../../arm-atollic-eabi/lib/armv7-m\libc.a(lib_a-svfprintf.o)
                0x08006efc                _svfprintf_r
 .text._vfprintf_r
                0x08007e9c     0x106c d:/aboutstm32/truestudio/truestudio for stm32 9.3.0/armtools/bin/../lib/gcc/arm-atollic-eabi/6.3.1/../../../../arm-atollic-eabi/lib/armv7-m\libc.a(lib_a-vfprintf.o)
                0x08007e9c                _vfprintf_r
 .text.__sbprintf
                0x08008f08       0x80 d:/aboutstm32/truestudio/truestudio for stm32 9.3.0/armtools/bin/../lib/gcc/arm-atollic-eabi/6.3.1/../../../../arm-atollic-eabi/lib/armv7-m\libc.a(lib_a-vfprintf.o)
 .text.__swsetup_r
                0x08008f88       0xdc d:/aboutstm32/truestudio/truestudio for stm32 9.3.0/armtools/bin/../lib/gcc/arm-atollic-eabi/6.3.1/../../../../arm-atollic-eabi/lib/armv7-m\libc.a(lib_a-wsetup.o)
                0x08008f88                __swsetup_r
 .text.quorem   0x08009064      0x118 d:/aboutstm32/truestudio/truestudio for stm32 9.3.0/armtools/bin/../lib/gcc/arm-atollic-eabi/6.3.1/../../../../arm-atollic-eabi/lib/armv7-m\libc.a(lib_a-dtoa.o)
 *fill*         0x0800917c        0x4 
 .text._dtoa_r  0x08009180      0xba8 d:/aboutstm32/truestudio/truestudio for stm32 9.3.0/armtools/bin/../lib/gcc/arm-atollic-eabi/6.3.1/../../../../arm-atollic-eabi/lib/armv7-m\libc.a(lib_a-dtoa.o)
                0x08009180                _dtoa_r
 .text.__sflush_r
                0x08009d28      0x124 d:/aboutstm32/truestudio/truestudio for stm32 9.3.0/armtools/bin/../lib/gcc/arm-atollic-eabi/6.3.1/../../../../arm-atollic-eabi/lib/armv7-m\libc.a(lib_a-fflush.o)
                0x08009d28                __sflush_r
 .text._fflush_r
                0x08009e4c       0x78 d:/aboutstm32/truestudio/truestudio for stm32 9.3.0/armtools/bin/../lib/gcc/arm-atollic-eabi/6.3.1/../../../../arm-atollic-eabi/lib/armv7-m\libc.a(lib_a-fflush.o)
                0x08009e4c                _fflush_r
 .text._cleanup_r
                0x08009ec4        0xc d:/aboutstm32/truestudio/truestudio for stm32 9.3.0/armtools/bin/../lib/gcc/arm-atollic-eabi/6.3.1/../../../../arm-atollic-eabi/lib/armv7-m\libc.a(lib_a-findfp.o)
                0x08009ec4                _cleanup_r
 .text.std.isra.0
                0x08009ed0       0x48 d:/aboutstm32/truestudio/truestudio for stm32 9.3.0/armtools/bin/../lib/gcc/arm-atollic-eabi/6.3.1/../../../../arm-atollic-eabi/lib/armv7-m\libc.a(lib_a-findfp.o)
 .text.__sfmoreglue
                0x08009f18       0x2c d:/aboutstm32/truestudio/truestudio for stm32 9.3.0/armtools/bin/../lib/gcc/arm-atollic-eabi/6.3.1/../../../../arm-atollic-eabi/lib/armv7-m\libc.a(lib_a-findfp.o)
                0x08009f18                __sfmoreglue
 .text.__sfp_lock_acquire
                0x08009f44        0xc d:/aboutstm32/truestudio/truestudio for stm32 9.3.0/armtools/bin/../lib/gcc/arm-atollic-eabi/6.3.1/../../../../arm-atollic-eabi/lib/armv7-m\libc.a(lib_a-findfp.o)
                0x08009f44                __sfp_lock_acquire
 .text.__sfp_lock_release
                0x08009f50        0xc d:/aboutstm32/truestudio/truestudio for stm32 9.3.0/armtools/bin/../lib/gcc/arm-atollic-eabi/6.3.1/../../../../arm-atollic-eabi/lib/armv7-m\libc.a(lib_a-findfp.o)
                0x08009f50                __sfp_lock_release
 .text.__sinit_lock_acquire
                0x08009f5c        0xc d:/aboutstm32/truestudio/truestudio for stm32 9.3.0/armtools/bin/../lib/gcc/arm-atollic-eabi/6.3.1/../../../../arm-atollic-eabi/lib/armv7-m\libc.a(lib_a-findfp.o)
                0x08009f5c                __sinit_lock_acquire
 .text.__sinit_lock_release
                0x08009f68        0xc d:/aboutstm32/truestudio/truestudio for stm32 9.3.0/armtools/bin/../lib/gcc/arm-atollic-eabi/6.3.1/../../../../arm-atollic-eabi/lib/armv7-m\libc.a(lib_a-findfp.o)
                0x08009f68                __sinit_lock_release
 .text.__sinit  0x08009f74       0x78 d:/aboutstm32/truestudio/truestudio for stm32 9.3.0/armtools/bin/../lib/gcc/arm-atollic-eabi/6.3.1/../../../../arm-atollic-eabi/lib/armv7-m\libc.a(lib_a-findfp.o)
                0x08009f74                __sinit
 .text.__sfp    0x08009fec       0x8c d:/aboutstm32/truestudio/truestudio for stm32 9.3.0/armtools/bin/../lib/gcc/arm-atollic-eabi/6.3.1/../../../../arm-atollic-eabi/lib/armv7-m\libc.a(lib_a-findfp.o)
                0x08009fec                __sfp
 .text._malloc_trim_r
                0x0800a078       0xac d:/aboutstm32/truestudio/truestudio for stm32 9.3.0/armtools/bin/../lib/gcc/arm-atollic-eabi/6.3.1/../../../../arm-atollic-eabi/lib/armv7-m\libc.a(lib_a-freer.o)
                0x0800a078                _malloc_trim_r
 .text._free_r  0x0800a124      0x178 d:/aboutstm32/truestudio/truestudio for stm32 9.3.0/armtools/bin/../lib/gcc/arm-atollic-eabi/6.3.1/../../../../arm-atollic-eabi/lib/armv7-m\libc.a(lib_a-freer.o)
                0x0800a124                _free_r
 .text.__sfvwrite_r
                0x0800a29c      0x29c d:/aboutstm32/truestudio/truestudio for stm32 9.3.0/armtools/bin/../lib/gcc/arm-atollic-eabi/6.3.1/../../../../arm-atollic-eabi/lib/armv7-m\libc.a(lib_a-fvwrite.o)
                0x0800a29c                __sfvwrite_r
 .text._fwalk_reent
                0x0800a538       0x3c d:/aboutstm32/truestudio/truestudio for stm32 9.3.0/armtools/bin/../lib/gcc/arm-atollic-eabi/6.3.1/../../../../arm-atollic-eabi/lib/armv7-m\libc.a(lib_a-fwalk.o)
                0x0800a538                _fwalk_reent
 .text.__locale_mb_cur_max
                0x0800a574       0x1c d:/aboutstm32/truestudio/truestudio for stm32 9.3.0/armtools/bin/../lib/gcc/arm-atollic-eabi/6.3.1/../../../../arm-atollic-eabi/lib/armv7-m\libc.a(lib_a-locale.o)
                0x0800a574                __locale_mb_cur_max
 .text.__locale_ctype_ptr_l
                0x0800a590        0x6 d:/aboutstm32/truestudio/truestudio for stm32 9.3.0/armtools/bin/../lib/gcc/arm-atollic-eabi/6.3.1/../../../../arm-atollic-eabi/lib/armv7-m\libc.a(lib_a-locale.o)
                0x0800a590                __locale_ctype_ptr_l
 *fill*         0x0800a596        0x2 
 .text._localeconv_r
                0x0800a598       0x1c d:/aboutstm32/truestudio/truestudio for stm32 9.3.0/armtools/bin/../lib/gcc/arm-atollic-eabi/6.3.1/../../../../arm-atollic-eabi/lib/armv7-m\libc.a(lib_a-localeconv.o)
                0x0800a598                _localeconv_r
 .text.__retarget_lock_init_recursive
                0x0800a5b4        0x2 d:/aboutstm32/truestudio/truestudio for stm32 9.3.0/armtools/bin/../lib/gcc/arm-atollic-eabi/6.3.1/../../../../arm-atollic-eabi/lib/armv7-m\libc.a(lib_a-lock.o)
                0x0800a5b4                __retarget_lock_init_recursive
 .text.__retarget_lock_close_recursive
                0x0800a5b6        0x2 d:/aboutstm32/truestudio/truestudio for stm32 9.3.0/armtools/bin/../lib/gcc/arm-atollic-eabi/6.3.1/../../../../arm-atollic-eabi/lib/armv7-m\libc.a(lib_a-lock.o)
                0x0800a5b6                __retarget_lock_close_recursive
 .text.__retarget_lock_acquire_recursive
                0x0800a5b8        0x2 d:/aboutstm32/truestudio/truestudio for stm32 9.3.0/armtools/bin/../lib/gcc/arm-atollic-eabi/6.3.1/../../../../arm-atollic-eabi/lib/armv7-m\libc.a(lib_a-lock.o)
                0x0800a5b8                __retarget_lock_acquire_recursive
 .text.__retarget_lock_release_recursive
                0x0800a5ba        0x2 d:/aboutstm32/truestudio/truestudio for stm32 9.3.0/armtools/bin/../lib/gcc/arm-atollic-eabi/6.3.1/../../../../arm-atollic-eabi/lib/armv7-m\libc.a(lib_a-lock.o)
                0x0800a5ba                __retarget_lock_release_recursive
 .text.__swhatbuf_r
                0x0800a5bc       0x56 d:/aboutstm32/truestudio/truestudio for stm32 9.3.0/armtools/bin/../lib/gcc/arm-atollic-eabi/6.3.1/../../../../arm-atollic-eabi/lib/armv7-m\libc.a(lib_a-makebuf.o)
                0x0800a5bc                __swhatbuf_r
 *fill*         0x0800a612        0x2 
 .text.__smakebuf_r
                0x0800a614       0x80 d:/aboutstm32/truestudio/truestudio for stm32 9.3.0/armtools/bin/../lib/gcc/arm-atollic-eabi/6.3.1/../../../../arm-atollic-eabi/lib/armv7-m\libc.a(lib_a-makebuf.o)
                0x0800a614                __smakebuf_r
 .text.malloc   0x0800a694       0x10 d:/aboutstm32/truestudio/truestudio for stm32 9.3.0/armtools/bin/../lib/gcc/arm-atollic-eabi/6.3.1/../../../../arm-atollic-eabi/lib/armv7-m\libc.a(lib_a-malloc.o)
                0x0800a694                malloc
 .text._malloc_r
                0x0800a6a4      0x418 d:/aboutstm32/truestudio/truestudio for stm32 9.3.0/armtools/bin/../lib/gcc/arm-atollic-eabi/6.3.1/../../../../arm-atollic-eabi/lib/armv7-m\libc.a(lib_a-mallocr.o)
                0x0800a6a4                _malloc_r
 .text.__ascii_mbtowc
                0x0800aabc       0x24 d:/aboutstm32/truestudio/truestudio for stm32 9.3.0/armtools/bin/../lib/gcc/arm-atollic-eabi/6.3.1/../../../../arm-atollic-eabi/lib/armv7-m\libc.a(lib_a-mbtowc_r.o)
                0x0800aabc                __ascii_mbtowc
 .text.memchr   0x0800aae0       0x1c d:/aboutstm32/truestudio/truestudio for stm32 9.3.0/armtools/bin/../lib/gcc/arm-atollic-eabi/6.3.1/../../../../arm-atollic-eabi/lib/armv7-m\libc.a(lib_a-memchr-stub.o)
                0x0800aae0                memchr
 .text.memmove  0x0800aafc       0x34 d:/aboutstm32/truestudio/truestudio for stm32 9.3.0/armtools/bin/../lib/gcc/arm-atollic-eabi/6.3.1/../../../../arm-atollic-eabi/lib/armv7-m\libc.a(lib_a-memmove.o)
                0x0800aafc                memmove
 .text.__malloc_lock
                0x0800ab30        0xc d:/aboutstm32/truestudio/truestudio for stm32 9.3.0/armtools/bin/../lib/gcc/arm-atollic-eabi/6.3.1/../../../../arm-atollic-eabi/lib/armv7-m\libc.a(lib_a-mlock.o)
                0x0800ab30                __malloc_lock
 .text.__malloc_unlock
                0x0800ab3c        0xc d:/aboutstm32/truestudio/truestudio for stm32 9.3.0/armtools/bin/../lib/gcc/arm-atollic-eabi/6.3.1/../../../../arm-atollic-eabi/lib/armv7-m\libc.a(lib_a-mlock.o)
                0x0800ab3c                __malloc_unlock
 .text._Balloc  0x0800ab48       0x68 d:/aboutstm32/truestudio/truestudio for stm32 9.3.0/armtools/bin/../lib/gcc/arm-atollic-eabi/6.3.1/../../../../arm-atollic-eabi/lib/armv7-m\libc.a(lib_a-mprec.o)
                0x0800ab48                _Balloc
 .text._Bfree   0x0800abb0       0x2e d:/aboutstm32/truestudio/truestudio for stm32 9.3.0/armtools/bin/../lib/gcc/arm-atollic-eabi/6.3.1/../../../../arm-atollic-eabi/lib/armv7-m\libc.a(lib_a-mprec.o)
                0x0800abb0                _Bfree
 .text.__multadd
                0x0800abde       0x76 d:/aboutstm32/truestudio/truestudio for stm32 9.3.0/armtools/bin/../lib/gcc/arm-atollic-eabi/6.3.1/../../../../arm-atollic-eabi/lib/armv7-m\libc.a(lib_a-mprec.o)
                0x0800abde                __multadd
 .text.__hi0bits
                0x0800ac54       0x3e d:/aboutstm32/truestudio/truestudio for stm32 9.3.0/armtools/bin/../lib/gcc/arm-atollic-eabi/6.3.1/../../../../arm-atollic-eabi/lib/armv7-m\libc.a(lib_a-mprec.o)
                0x0800ac54                __hi0bits
 .text.__lo0bits
                0x0800ac92       0x5e d:/aboutstm32/truestudio/truestudio for stm32 9.3.0/armtools/bin/../lib/gcc/arm-atollic-eabi/6.3.1/../../../../arm-atollic-eabi/lib/armv7-m\libc.a(lib_a-mprec.o)
                0x0800ac92                __lo0bits
 .text.__i2b    0x0800acf0       0x12 d:/aboutstm32/truestudio/truestudio for stm32 9.3.0/armtools/bin/../lib/gcc/arm-atollic-eabi/6.3.1/../../../../arm-atollic-eabi/lib/armv7-m\libc.a(lib_a-mprec.o)
                0x0800acf0                __i2b
 .text.__multiply
                0x0800ad02      0x118 d:/aboutstm32/truestudio/truestudio for stm32 9.3.0/armtools/bin/../lib/gcc/arm-atollic-eabi/6.3.1/../../../../arm-atollic-eabi/lib/armv7-m\libc.a(lib_a-mprec.o)
                0x0800ad02                __multiply
 *fill*         0x0800ae1a        0x2 
 .text.__pow5mult
                0x0800ae1c       0x9c d:/aboutstm32/truestudio/truestudio for stm32 9.3.0/armtools/bin/../lib/gcc/arm-atollic-eabi/6.3.1/../../../../arm-atollic-eabi/lib/armv7-m\libc.a(lib_a-mprec.o)
                0x0800ae1c                __pow5mult
 .text.__lshift
                0x0800aeb8       0xa2 d:/aboutstm32/truestudio/truestudio for stm32 9.3.0/armtools/bin/../lib/gcc/arm-atollic-eabi/6.3.1/../../../../arm-atollic-eabi/lib/armv7-m\libc.a(lib_a-mprec.o)
                0x0800aeb8                __lshift
 .text.__mcmp   0x0800af5a       0x34 d:/aboutstm32/truestudio/truestudio for stm32 9.3.0/armtools/bin/../lib/gcc/arm-atollic-eabi/6.3.1/../../../../arm-atollic-eabi/lib/armv7-m\libc.a(lib_a-mprec.o)
                0x0800af5a                __mcmp
 .text.__mdiff  0x0800af8e       0xbe d:/aboutstm32/truestudio/truestudio for stm32 9.3.0/armtools/bin/../lib/gcc/arm-atollic-eabi/6.3.1/../../../../arm-atollic-eabi/lib/armv7-m\libc.a(lib_a-mprec.o)
                0x0800af8e                __mdiff
 .text.__d2b    0x0800b04c       0x9e d:/aboutstm32/truestudio/truestudio for stm32 9.3.0/armtools/bin/../lib/gcc/arm-atollic-eabi/6.3.1/../../../../arm-atollic-eabi/lib/armv7-m\libc.a(lib_a-mprec.o)
                0x0800b04c                __d2b
 *fill*         0x0800b0ea        0x2 
 .text._realloc_r
                0x0800b0ec      0x304 d:/aboutstm32/truestudio/truestudio for stm32 9.3.0/armtools/bin/../lib/gcc/arm-atollic-eabi/6.3.1/../../../../arm-atollic-eabi/lib/armv7-m\libc.a(lib_a-reallocr.o)
                0x0800b0ec                _realloc_r
 .text._sbrk_r  0x0800b3f0       0x20 d:/aboutstm32/truestudio/truestudio for stm32 9.3.0/armtools/bin/../lib/gcc/arm-atollic-eabi/6.3.1/../../../../arm-atollic-eabi/lib/armv7-m\libc.a(lib_a-sbrkr.o)
                0x0800b3f0                _sbrk_r
 .text.__sread  0x0800b410       0x22 d:/aboutstm32/truestudio/truestudio for stm32 9.3.0/armtools/bin/../lib/gcc/arm-atollic-eabi/6.3.1/../../../../arm-atollic-eabi/lib/armv7-m\libc.a(lib_a-stdio.o)
                0x0800b410                __sread
 .text.__swrite
                0x0800b432       0x38 d:/aboutstm32/truestudio/truestudio for stm32 9.3.0/armtools/bin/../lib/gcc/arm-atollic-eabi/6.3.1/../../../../arm-atollic-eabi/lib/armv7-m\libc.a(lib_a-stdio.o)
                0x0800b432                __swrite
 .text.__sseek  0x0800b46a       0x24 d:/aboutstm32/truestudio/truestudio for stm32 9.3.0/armtools/bin/../lib/gcc/arm-atollic-eabi/6.3.1/../../../../arm-atollic-eabi/lib/armv7-m\libc.a(lib_a-stdio.o)
                0x0800b46a                __sseek
 .text.__sclose
                0x0800b48e        0x8 d:/aboutstm32/truestudio/truestudio for stm32 9.3.0/armtools/bin/../lib/gcc/arm-atollic-eabi/6.3.1/../../../../arm-atollic-eabi/lib/armv7-m\libc.a(lib_a-stdio.o)
                0x0800b48e                __sclose
 .text.__ssprint_r
                0x0800b496       0xf4 d:/aboutstm32/truestudio/truestudio for stm32 9.3.0/armtools/bin/../lib/gcc/arm-atollic-eabi/6.3.1/../../../../arm-atollic-eabi/lib/armv7-m\libc.a(lib_a-svfiprintf.o)
                0x0800b496                __ssprint_r
 .text.__sprint_r
                0x0800b58a       0x6a d:/aboutstm32/truestudio/truestudio for stm32 9.3.0/armtools/bin/../lib/gcc/arm-atollic-eabi/6.3.1/../../../../arm-atollic-eabi/lib/armv7-m\libc.a(lib_a-vfiprintf.o)
                0x0800b58a                __sprint_r
 .text.__ascii_wctomb
                0x0800b5f4       0x1a d:/aboutstm32/truestudio/truestudio for stm32 9.3.0/armtools/bin/../lib/gcc/arm-atollic-eabi/6.3.1/../../../../arm-atollic-eabi/lib/armv7-m\libc.a(lib_a-wctomb_r.o)
                0x0800b5f4                __ascii_wctomb
 *fill*         0x0800b60e        0x2 
 .text._write_r
                0x0800b610       0x24 d:/aboutstm32/truestudio/truestudio for stm32 9.3.0/armtools/bin/../lib/gcc/arm-atollic-eabi/6.3.1/../../../../arm-atollic-eabi/lib/armv7-m\libc.a(lib_a-writer.o)
                0x0800b610                _write_r
 .text._calloc_r
                0x0800b634       0x5a d:/aboutstm32/truestudio/truestudio for stm32 9.3.0/armtools/bin/../lib/gcc/arm-atollic-eabi/6.3.1/../../../../arm-atollic-eabi/lib/armv7-m\libc.a(lib_a-callocr.o)
                0x0800b634                _calloc_r
 *fill*         0x0800b68e        0x2 
 .text._close_r
                0x0800b690       0x20 d:/aboutstm32/truestudio/truestudio for stm32 9.3.0/armtools/bin/../lib/gcc/arm-atollic-eabi/6.3.1/../../../../arm-atollic-eabi/lib/armv7-m\libc.a(lib_a-closer.o)
                0x0800b690                _close_r
 .text._fclose_r
                0x0800b6b0       0xd8 d:/aboutstm32/truestudio/truestudio for stm32 9.3.0/armtools/bin/../lib/gcc/arm-atollic-eabi/6.3.1/../../../../arm-atollic-eabi/lib/armv7-m\libc.a(lib_a-fclose.o)
                0x0800b6b0                _fclose_r
 .text.__fputwc
                0x0800b788       0x82 d:/aboutstm32/truestudio/truestudio for stm32 9.3.0/armtools/bin/../lib/gcc/arm-atollic-eabi/6.3.1/../../../../arm-atollic-eabi/lib/armv7-m\libc.a(lib_a-fputwc.o)
                0x0800b788                __fputwc
 .text._fputwc_r
                0x0800b80a       0x52 d:/aboutstm32/truestudio/truestudio for stm32 9.3.0/armtools/bin/../lib/gcc/arm-atollic-eabi/6.3.1/../../../../arm-atollic-eabi/lib/armv7-m\libc.a(lib_a-fputwc.o)
                0x0800b80a                _fputwc_r
 .text._fstat_r
                0x0800b85c       0x24 d:/aboutstm32/truestudio/truestudio for stm32 9.3.0/armtools/bin/../lib/gcc/arm-atollic-eabi/6.3.1/../../../../arm-atollic-eabi/lib/armv7-m\libc.a(lib_a-fstatr.o)
                0x0800b85c                _fstat_r
 .text._isatty_r
                0x0800b880       0x20 d:/aboutstm32/truestudio/truestudio for stm32 9.3.0/armtools/bin/../lib/gcc/arm-atollic-eabi/6.3.1/../../../../arm-atollic-eabi/lib/armv7-m\libc.a(lib_a-isattyr.o)
                0x0800b880                _isatty_r
 .text._lseek_r
                0x0800b8a0       0x24 d:/aboutstm32/truestudio/truestudio for stm32 9.3.0/armtools/bin/../lib/gcc/arm-atollic-eabi/6.3.1/../../../../arm-atollic-eabi/lib/armv7-m\libc.a(lib_a-lseekr.o)
                0x0800b8a0                _lseek_r
 .text._read_r  0x0800b8c4       0x24 d:/aboutstm32/truestudio/truestudio for stm32 9.3.0/armtools/bin/../lib/gcc/arm-atollic-eabi/6.3.1/../../../../arm-atollic-eabi/lib/armv7-m\libc.a(lib_a-readr.o)
                0x0800b8c4                _read_r
 .text.__swbuf_r
                0x0800b8e8       0xbc d:/aboutstm32/truestudio/truestudio for stm32 9.3.0/armtools/bin/../lib/gcc/arm-atollic-eabi/6.3.1/../../../../arm-atollic-eabi/lib/armv7-m\libc.a(lib_a-wbuf.o)
                0x0800b8e8                __swbuf_r
 .text._wcrtomb_r
                0x0800b9a4       0x50 d:/aboutstm32/truestudio/truestudio for stm32 9.3.0/armtools/bin/../lib/gcc/arm-atollic-eabi/6.3.1/../../../../arm-atollic-eabi/lib/armv7-m\libc.a(lib_a-wcrtomb.o)
                0x0800b9a4                _wcrtomb_r
 *(.glue_7)
 .glue_7        0x0800b9f4        0x0 linker stubs
 *(.glue_7t)
 .glue_7t       0x0800b9f4        0x0 linker stubs
 *(.eh_frame)
 .eh_frame      0x0800b9f4        0x0 d:/aboutstm32/truestudio/truestudio for stm32 9.3.0/armtools/bin/../lib/gcc/arm-atollic-eabi/6.3.1/armv7-m/crtbegin.o
 *(.init)
 .init          0x0800b9f4        0x4 d:/aboutstm32/truestudio/truestudio for stm32 9.3.0/armtools/bin/../lib/gcc/arm-atollic-eabi/6.3.1/armv7-m/crti.o
                0x0800b9f4                _init
 .init          0x0800b9f8        0x8 d:/aboutstm32/truestudio/truestudio for stm32 9.3.0/armtools/bin/../lib/gcc/arm-atollic-eabi/6.3.1/armv7-m/crtn.o
 *(.fini)
 .fini          0x0800ba00        0x4 d:/aboutstm32/truestudio/truestudio for stm32 9.3.0/armtools/bin/../lib/gcc/arm-atollic-eabi/6.3.1/armv7-m/crti.o
                0x0800ba00                _fini
 .fini          0x0800ba04        0x8 d:/aboutstm32/truestudio/truestudio for stm32 9.3.0/armtools/bin/../lib/gcc/arm-atollic-eabi/6.3.1/armv7-m/crtn.o
                0x0800ba0c                . = ALIGN (0x4)
                0x0800ba0c                _etext = .

.vfp11_veneer   0x0800ba0c        0x0
 .vfp11_veneer  0x0800ba0c        0x0 linker stubs

.v4_bx          0x0800ba0c        0x0
 .v4_bx         0x0800ba0c        0x0 linker stubs

.iplt           0x0800ba0c        0x0
 .iplt          0x0800ba0c        0x0 d:/aboutstm32/truestudio/truestudio for stm32 9.3.0/armtools/bin/../lib/gcc/arm-atollic-eabi/6.3.1/armv7-m/crtbegin.o

.rodata         0x0800ba10      0x858
                0x0800ba10                . = ALIGN (0x4)
 *(.rodata)
 .rodata        0x0800ba10      0x188 App\module_4G\usart_4G.o
 .rodata        0x0800bb98       0x83 App\tcp\public\tcp_public.o
 *fill*         0x0800bc1b        0x1 
 .rodata        0x0800bc1c       0x41 App\util\base64.o
 *fill*         0x0800bc5d        0x3 
 .rodata        0x0800bc60       0x16 App\util\md5.o
 *fill*         0x0800bc76        0x2 
 .rodata        0x0800bc78       0x11 IAP\Src\common.o
 *fill*         0x0800bc89        0x3 
 .rodata        0x0800bc8c      0x2ab IAP\Src\iap.o
 *fill*         0x0800bf37        0x1 
 .rodata        0x0800bf38       0x12 Public\usart.o
 *fill*         0x0800bf4a        0x2 
 .rodata        0x0800bf4c       0x1c src\main.o
 .rodata        0x0800bf68        0xc src\stm32f1xx_it.o
 *(.rodata*)
 .rodata._puts_r.str1.1
                0x0800bf74        0x2 d:/aboutstm32/truestudio/truestudio for stm32 9.3.0/armtools/bin/../lib/gcc/arm-atollic-eabi/6.3.1/../../../../arm-atollic-eabi/lib/armv7-m\libc.a(lib_a-puts.o)
 .rodata._svfprintf_r.str1.1
                0x0800bf76       0x34 d:/aboutstm32/truestudio/truestudio for stm32 9.3.0/armtools/bin/../lib/gcc/arm-atollic-eabi/6.3.1/../../../../arm-atollic-eabi/lib/armv7-m\libc.a(lib_a-svfprintf.o)
 .rodata.blanks.7236
                0x0800bfaa       0x10 d:/aboutstm32/truestudio/truestudio for stm32 9.3.0/armtools/bin/../lib/gcc/arm-atollic-eabi/6.3.1/../../../../arm-atollic-eabi/lib/armv7-m\libc.a(lib_a-svfprintf.o)
 .rodata.zeroes.7237
                0x0800bfba       0x10 d:/aboutstm32/truestudio/truestudio for stm32 9.3.0/armtools/bin/../lib/gcc/arm-atollic-eabi/6.3.1/../../../../arm-atollic-eabi/lib/armv7-m\libc.a(lib_a-svfprintf.o)
 .rodata._vfprintf_r.str1.1
                0x0800bfca       0x34 d:/aboutstm32/truestudio/truestudio for stm32 9.3.0/armtools/bin/../lib/gcc/arm-atollic-eabi/6.3.1/../../../../arm-atollic-eabi/lib/armv7-m\libc.a(lib_a-vfprintf.o)
 .rodata.blanks.7251
                0x0800bfca       0x10 d:/aboutstm32/truestudio/truestudio for stm32 9.3.0/armtools/bin/../lib/gcc/arm-atollic-eabi/6.3.1/../../../../arm-atollic-eabi/lib/armv7-m\libc.a(lib_a-vfprintf.o)
 .rodata.zeroes.7252
                0x0800bfda       0x10 d:/aboutstm32/truestudio/truestudio for stm32 9.3.0/armtools/bin/../lib/gcc/arm-atollic-eabi/6.3.1/../../../../arm-atollic-eabi/lib/armv7-m\libc.a(lib_a-vfprintf.o)
 .rodata._dtoa_r.str1.1
                0x0800bfea        0xd d:/aboutstm32/truestudio/truestudio for stm32 9.3.0/armtools/bin/../lib/gcc/arm-atollic-eabi/6.3.1/../../../../arm-atollic-eabi/lib/armv7-m\libc.a(lib_a-dtoa.o)
                                  0xf (size before relaxing)
 *fill*         0x0800bff7        0x1 
 .rodata.__sf_fake_stderr
                0x0800bff8       0x20 d:/aboutstm32/truestudio/truestudio for stm32 9.3.0/armtools/bin/../lib/gcc/arm-atollic-eabi/6.3.1/../../../../arm-atollic-eabi/lib/armv7-m\libc.a(lib_a-findfp.o)
                0x0800bff8                __sf_fake_stderr
 .rodata.__sf_fake_stdin
                0x0800c018       0x20 d:/aboutstm32/truestudio/truestudio for stm32 9.3.0/armtools/bin/../lib/gcc/arm-atollic-eabi/6.3.1/../../../../arm-atollic-eabi/lib/armv7-m\libc.a(lib_a-findfp.o)
                0x0800c018                __sf_fake_stdin
 .rodata.__sf_fake_stdout
                0x0800c038       0x20 d:/aboutstm32/truestudio/truestudio for stm32 9.3.0/armtools/bin/../lib/gcc/arm-atollic-eabi/6.3.1/../../../../arm-atollic-eabi/lib/armv7-m\libc.a(lib_a-findfp.o)
                0x0800c038                __sf_fake_stdout
 .rodata._global_impure_ptr
                0x0800c058        0x4 d:/aboutstm32/truestudio/truestudio for stm32 9.3.0/armtools/bin/../lib/gcc/arm-atollic-eabi/6.3.1/../../../../arm-atollic-eabi/lib/armv7-m\libc.a(lib_a-impure.o)
                0x0800c058                _global_impure_ptr
 .rodata._setlocale_r.str1.1
                0x0800c05c        0x8 d:/aboutstm32/truestudio/truestudio for stm32 9.3.0/armtools/bin/../lib/gcc/arm-atollic-eabi/6.3.1/../../../../arm-atollic-eabi/lib/armv7-m\libc.a(lib_a-locale.o)
                                  0x9 (size before relaxing)
 .rodata.str1.1
                0x0800c064        0x2 d:/aboutstm32/truestudio/truestudio for stm32 9.3.0/armtools/bin/../lib/gcc/arm-atollic-eabi/6.3.1/../../../../arm-atollic-eabi/lib/armv7-m\libc.a(lib_a-locale.o)
 *fill*         0x0800c066        0x2 
 .rodata.__mprec_bigtens
                0x0800c068       0x28 d:/aboutstm32/truestudio/truestudio for stm32 9.3.0/armtools/bin/../lib/gcc/arm-atollic-eabi/6.3.1/../../../../arm-atollic-eabi/lib/armv7-m\libc.a(lib_a-mprec.o)
                0x0800c068                __mprec_bigtens
 .rodata.__mprec_tens
                0x0800c090       0xc8 d:/aboutstm32/truestudio/truestudio for stm32 9.3.0/armtools/bin/../lib/gcc/arm-atollic-eabi/6.3.1/../../../../arm-atollic-eabi/lib/armv7-m\libc.a(lib_a-mprec.o)
                0x0800c090                __mprec_tens
 .rodata.p05.6073
                0x0800c158        0xc d:/aboutstm32/truestudio/truestudio for stm32 9.3.0/armtools/bin/../lib/gcc/arm-atollic-eabi/6.3.1/../../../../arm-atollic-eabi/lib/armv7-m\libc.a(lib_a-mprec.o)
 .rodata._ctype_
                0x0800c164      0x101 d:/aboutstm32/truestudio/truestudio for stm32 9.3.0/armtools/bin/../lib/gcc/arm-atollic-eabi/6.3.1/../../../../arm-atollic-eabi/lib/armv7-m\libc.a(lib_a-ctype_.o)
                0x0800c164                _ctype_
                0x0800c268                . = ALIGN (0x4)
 *fill*         0x0800c265        0x3 

.ARM.extab
 *(.ARM.extab* .gnu.linkonce.armextab.*)

.ARM            0x0800c268        0x8
                0x0800c268                __exidx_start = .
 *(.ARM.exidx*)
 .ARM.exidx     0x0800c268        0x8 d:/aboutstm32/truestudio/truestudio for stm32 9.3.0/armtools/bin/../lib/gcc/arm-atollic-eabi/6.3.1/armv7-m\libgcc.a(_udivmoddi4.o)
                0x0800c270                __exidx_end = .

.rel.dyn        0x0800c270        0x0
 .rel.iplt      0x0800c270        0x0 d:/aboutstm32/truestudio/truestudio for stm32 9.3.0/armtools/bin/../lib/gcc/arm-atollic-eabi/6.3.1/armv7-m/crtbegin.o

.preinit_array  0x0800c270        0x0
                0x0800c270                PROVIDE (__preinit_array_start, .)
 *(.preinit_array*)
                0x0800c270                PROVIDE (__preinit_array_end, .)

.init_array     0x0800c270        0x4
                0x0800c270                PROVIDE (__init_array_start, .)
 *(SORT(.init_array.*))
 *(.init_array*)
 .init_array    0x0800c270        0x4 d:/aboutstm32/truestudio/truestudio for stm32 9.3.0/armtools/bin/../lib/gcc/arm-atollic-eabi/6.3.1/armv7-m/crtbegin.o
                0x0800c274                PROVIDE (__init_array_end, .)

.fini_array     0x0800c274        0x4
                [!provide]                PROVIDE (__fini_array_start, .)
 *(SORT(.fini_array.*))
 *(.fini_array*)
 .fini_array    0x0800c274        0x4 d:/aboutstm32/truestudio/truestudio for stm32 9.3.0/armtools/bin/../lib/gcc/arm-atollic-eabi/6.3.1/armv7-m/crtbegin.o
                [!provide]                PROVIDE (__fini_array_end, .)
                0x0800c278                _sidata = LOADADDR (.data)

.data           0x20000000      0x6fc load address 0x0800c278
                0x20000000                . = ALIGN (0x4)
                0x20000000                _sdata = .
 *(.data)
 *(.data*)
 .data.ip       0x20000000       0x12 App\module_4G\usart_4G.o
                0x20000000                ip
 *fill*         0x20000012        0x2 
 .data.port     0x20000014        0x5 App\module_4G\usart_4G.o
                0x20000014                port
 *fill*         0x20000019        0x3 
 .data.base64char
                0x2000001c        0x4 App\util\base64.o
                0x2000001c                base64char
 .data.PADDING  0x20000020       0x40 App\util\md5.o
                0x20000020                PADDING
 .data.flashDes
                0x20000060        0x4 IAP\Src\iap.o
                0x20000060                flashDes
 .data.APBAHBPrescTable
                0x20000064       0x10 Libraries\STM32F10x_StdPeriph_Driver\src\stm32f10x_rcc.o
 .data.ADCPrescTable
                0x20000074        0x4 Libraries\STM32F10x_StdPeriph_Driver\src\stm32f10x_rcc.o
 .data.malloc_cortol
                0x20000078       0x14 MALLOC\malloc.o
                0x20000078                malloc_cortol
 .data._impure_ptr
                0x2000008c        0x4 d:/aboutstm32/truestudio/truestudio for stm32 9.3.0/armtools/bin/../lib/gcc/arm-atollic-eabi/6.3.1/../../../../arm-atollic-eabi/lib/armv7-m\libc.a(lib_a-impure.o)
                0x2000008c                _impure_ptr
 .data.impure_data
                0x20000090       0xf0 d:/aboutstm32/truestudio/truestudio for stm32 9.3.0/armtools/bin/../lib/gcc/arm-atollic-eabi/6.3.1/../../../../arm-atollic-eabi/lib/armv7-m\libc.a(lib_a-impure.o)
 .data.__global_locale
                0x20000180      0x16c d:/aboutstm32/truestudio/truestudio for stm32 9.3.0/armtools/bin/../lib/gcc/arm-atollic-eabi/6.3.1/../../../../arm-atollic-eabi/lib/armv7-m\libc.a(lib_a-locale.o)
                0x20000180                __global_locale
 .data.__malloc_av_
                0x200002ec      0x408 d:/aboutstm32/truestudio/truestudio for stm32 9.3.0/armtools/bin/../lib/gcc/arm-atollic-eabi/6.3.1/../../../../arm-atollic-eabi/lib/armv7-m\libc.a(lib_a-mallocr.o)
                0x200002ec                __malloc_av_
 .data.__malloc_sbrk_base
                0x200006f4        0x4 d:/aboutstm32/truestudio/truestudio for stm32 9.3.0/armtools/bin/../lib/gcc/arm-atollic-eabi/6.3.1/../../../../arm-atollic-eabi/lib/armv7-m\libc.a(lib_a-mallocr.o)
                0x200006f4                __malloc_sbrk_base
 .data.__malloc_trim_threshold
                0x200006f8        0x4 d:/aboutstm32/truestudio/truestudio for stm32 9.3.0/armtools/bin/../lib/gcc/arm-atollic-eabi/6.3.1/../../../../arm-atollic-eabi/lib/armv7-m\libc.a(lib_a-mallocr.o)
                0x200006f8                __malloc_trim_threshold
                0x200006fc                . = ALIGN (0x4)
                0x200006fc                _edata = .

.igot.plt       0x200006fc        0x0 load address 0x0800c974
 .igot.plt      0x200006fc        0x0 d:/aboutstm32/truestudio/truestudio for stm32 9.3.0/armtools/bin/../lib/gcc/arm-atollic-eabi/6.3.1/armv7-m/crtbegin.o
                0x200006fc                . = ALIGN (0x4)

.bss            0x20000700     0xa3d0 load address 0x0800c974
                0x20000700                _sbss = .
                0x20000700                __bss_start__ = _sbss
 *(.bss)
 .bss           0x20000700       0x1c d:/aboutstm32/truestudio/truestudio for stm32 9.3.0/armtools/bin/../lib/gcc/arm-atollic-eabi/6.3.1/armv7-m/crtbegin.o
 *(.bss*)
 .bss.updateCnt
                0x2000071c        0x2 App\Tim\tim4.o
                0x2000071c                updateCnt
 .bss.initCnt   0x2000071e        0x2 App\Tim\tim4.o
                0x2000071e                initCnt
 .bss.WDeviceID
                0x20000720        0x4 App\flash\STMFlash.o
                0x20000720                WDeviceID
 .bss.RDeviceID
                0x20000724        0x9 App\flash\STMFlash.o
                0x20000724                RDeviceID
 *fill*         0x2000072d        0x3 
 .bss.WVersion  0x20000730        0x4 App\flash\STMFlash.o
                0x20000730                WVersion
 .bss.RVersion  0x20000734       0x15 App\flash\STMFlash.o
                0x20000734                RVersion
 *fill*         0x20000749        0x3 
 .bss.TCP_Params
                0x2000074c       0x60 App\tcp\public\tcp_public.o
                0x2000074c                TCP_Params
 .bss.F4G_Fram  0x200007ac      0xa1c App\tcp\public\tcp_public.o
                0x200007ac                F4G_Fram
 .bss.BlockNbr  0x200011c8        0x4 IAP\Src\iap.o
                0x200011c8                BlockNbr
 .bss.UserMemoryMask
                0x200011cc        0x4 IAP\Src\iap.o
                0x200011cc                UserMemoryMask
 .bss.FlashProtection
                0x200011d0        0x4 IAP\Src\iap.o
                0x200011d0                FlashProtection
 .bss.updating  0x200011d4        0x1 IAP\Src\iap.o
                0x200011d4                updating
 *fill*         0x200011d5        0x1 
 .bss.flagCPY   0x200011d6        0x2 IAP\Src\iap.o
                0x200011d6                flagCPY
 .bss.flashBuf  0x200011d8       0x80 IAP\Src\iap.o
                0x200011d8                flashBuf
 .bss.flashCnt  0x20001258        0x2 IAP\Src\iap.o
                0x20001258                flashCnt
 .bss.LOCAL_SERVER_SWITCH
                0x2000125a        0x1 IAP\Src\iap.o
                0x2000125a                LOCAL_SERVER_SWITCH
 .bss.fac_us    0x2000125b        0x1 Public\systick.o
 .bss.fac_ms    0x2000125c        0x2 Public\systick.o
 *fill*         0x2000125e        0x2 
 .bss.USART1_Record_Struct
                0x20001260      0x80c Public\usart.o
                0x20001260                USART1_Record_Struct
 .bss.localUpdate
                0x20001a6c        0x1 Public\usart.o
                0x20001a6c                localUpdate
 *fill*         0x20001a6d        0x3 
 .bss.heap_end.8347
                0x20001a70        0x4 src\syscalls.o
 .bss.__malloc_current_mallinfo
                0x20001a74       0x28 d:/aboutstm32/truestudio/truestudio for stm32 9.3.0/armtools/bin/../lib/gcc/arm-atollic-eabi/6.3.1/../../../../arm-atollic-eabi/lib/armv7-m\libc.a(lib_a-mallocr.o)
                0x20001a74                __malloc_current_mallinfo
 .bss.__malloc_max_sbrked_mem
                0x20001a9c        0x4 d:/aboutstm32/truestudio/truestudio for stm32 9.3.0/armtools/bin/../lib/gcc/arm-atollic-eabi/6.3.1/../../../../arm-atollic-eabi/lib/armv7-m\libc.a(lib_a-mallocr.o)
                0x20001a9c                __malloc_max_sbrked_mem
 .bss.__malloc_max_total_mem
                0x20001aa0        0x4 d:/aboutstm32/truestudio/truestudio for stm32 9.3.0/armtools/bin/../lib/gcc/arm-atollic-eabi/6.3.1/../../../../arm-atollic-eabi/lib/armv7-m\libc.a(lib_a-mallocr.o)
                0x20001aa0                __malloc_max_total_mem
 .bss.__malloc_top_pad
                0x20001aa4        0x4 d:/aboutstm32/truestudio/truestudio for stm32 9.3.0/armtools/bin/../lib/gcc/arm-atollic-eabi/6.3.1/../../../../arm-atollic-eabi/lib/armv7-m\libc.a(lib_a-mallocr.o)
                0x20001aa4                __malloc_top_pad
 *(COMMON)
 COMMON         0x20001aa8      0x800 App\flash\STMFlash.o
                0x20001aa8                STMFLASH_BUF
 COMMON         0x200022a8        0xc IAP\Src\iap.o
                0x200022a8                RamSource
                0x200022ac                JumpAddress
                0x200022b0                Jump_To_Application
 *fill*         0x200022b4        0xc 
 COMMON         0x200022c0     0x8800 MALLOC\malloc.o
                0x200022c0                mem1mapbase
                0x20002ac0                mem1base
 COMMON         0x2000aac0        0x4 d:/aboutstm32/truestudio/truestudio for stm32 9.3.0/armtools/bin/../lib/gcc/arm-atollic-eabi/6.3.1/../../../../arm-atollic-eabi/lib/armv7-m\libc.a(lib_a-reent.o)
                0x2000aac0                errno
 COMMON         0x2000aac4        0x9 d:/aboutstm32/truestudio/truestudio for stm32 9.3.0/armtools/bin/../lib/gcc/arm-atollic-eabi/6.3.1/../../../../arm-atollic-eabi/lib/armv7-m\libc.a(lib_a-lock.o)
                0x2000aac4                __lock___atexit_recursive_mutex
                0x2000aac5                __lock___arc4random_mutex
                0x2000aac6                __lock___env_recursive_mutex
                0x2000aac7                __lock___sinit_recursive_mutex
                0x2000aac8                __lock___malloc_recursive_mutex
                0x2000aac9                __lock___at_quick_exit_mutex
                0x2000aaca                __lock___dd_hash_mutex
                0x2000aacb                __lock___tz_mutex
                0x2000aacc                __lock___sfp_recursive_mutex
                0x2000aad0                . = ALIGN (0x4)
 *fill*         0x2000aacd        0x3 
                0x2000aad0                _ebss = .
                0x2000aad0                __bss_end__ = _ebss

._user_heap_stack
                0x2000aad0      0x200 load address 0x0800c974
                0x2000aad0                . = ALIGN (0x4)
                0x2000aad0                PROVIDE (end, .)
                [!provide]                PROVIDE (_end, .)
                0x2000aad0                . = (. + _Min_Heap_Size)
                0x2000acd0                . = (. + _Min_Stack_Size)
 *fill*         0x2000aad0      0x200 
                0x2000acd0                . = ALIGN (0x4)

.memory_b1_text
 *(.mb1text)
 *(.mb1text*)
 *(.mb1rodata)
 *(.mb1rodata*)

/DISCARD/
 libc.a(*)
 libm.a(*)
 libgcc.a(*)

.ARM.attributes
                0x00000000       0x29
 *(.ARM.attributes)
 .ARM.attributes
                0x00000000       0x1d d:/aboutstm32/truestudio/truestudio for stm32 9.3.0/armtools/bin/../lib/gcc/arm-atollic-eabi/6.3.1/armv7-m/crti.o
 .ARM.attributes
                0x0000001d       0x2d d:/aboutstm32/truestudio/truestudio for stm32 9.3.0/armtools/bin/../lib/gcc/arm-atollic-eabi/6.3.1/armv7-m/crtbegin.o
 .ARM.attributes
                0x0000004a       0x33 App\Tim\tim4.o
 .ARM.attributes
                0x0000007d       0x33 App\flash\STMFlash.o
 .ARM.attributes
                0x000000b0       0x33 App\module_4G\usart_4G.o
 .ARM.attributes
                0x000000e3       0x33 App\tcp\public\tcp_public.o
 .ARM.attributes
                0x00000116       0x33 App\util\base64.o
 .ARM.attributes
                0x00000149       0x33 App\util\md5.o
 .ARM.attributes
                0x0000017c       0x33 IAP\Src\common.o
 .ARM.attributes
                0x000001af       0x33 IAP\Src\iap.o
 .ARM.attributes
                0x000001e2       0x33 Libraries\STM32F10x_StdPeriph_Driver\src\misc.o
 .ARM.attributes
                0x00000215       0x33 Libraries\STM32F10x_StdPeriph_Driver\src\stm32f10x_flash.o
 .ARM.attributes
                0x00000248       0x33 Libraries\STM32F10x_StdPeriph_Driver\src\stm32f10x_gpio.o
 .ARM.attributes
                0x0000027b       0x33 Libraries\STM32F10x_StdPeriph_Driver\src\stm32f10x_rcc.o
 .ARM.attributes
                0x000002ae       0x33 Libraries\STM32F10x_StdPeriph_Driver\src\stm32f10x_tim.o
 .ARM.attributes
                0x000002e1       0x33 Libraries\STM32F10x_StdPeriph_Driver\src\stm32f10x_usart.o
 .ARM.attributes
                0x00000314       0x33 MALLOC\malloc.o
 .ARM.attributes
                0x00000347       0x33 Public\systick.o
 .ARM.attributes
                0x0000037a       0x33 Public\usart.o
 .ARM.attributes
                0x000003ad       0x33 src\main.o
 .ARM.attributes
                0x000003e0       0x21 src\startup_stm32f10x_hd.o
 .ARM.attributes
                0x00000401       0x33 src\stm32f1xx_it.o
 .ARM.attributes
                0x00000434       0x33 src\syscalls.o
 .ARM.attributes
                0x00000467       0x33 src\system_stm32f10x.o
 .ARM.attributes
                0x0000049a       0x2d d:/aboutstm32/truestudio/truestudio for stm32 9.3.0/armtools/bin/../lib/gcc/arm-atollic-eabi/6.3.1/../../../../arm-atollic-eabi/lib/armv7-m\libc.a(lib_a-atoi.o)
 .ARM.attributes
                0x000004c7       0x2d d:/aboutstm32/truestudio/truestudio for stm32 9.3.0/armtools/bin/../lib/gcc/arm-atollic-eabi/6.3.1/../../../../arm-atollic-eabi/lib/armv7-m\libc.a(lib_a-atol.o)
 .ARM.attributes
                0x000004f4       0x2d d:/aboutstm32/truestudio/truestudio for stm32 9.3.0/armtools/bin/../lib/gcc/arm-atollic-eabi/6.3.1/../../../../arm-atollic-eabi/lib/armv7-m\libc.a(lib_a-init.o)
 .ARM.attributes
                0x00000521       0x2d d:/aboutstm32/truestudio/truestudio for stm32 9.3.0/armtools/bin/../lib/gcc/arm-atollic-eabi/6.3.1/../../../../arm-atollic-eabi/lib/armv7-m\libc.a(lib_a-memcmp.o)
 .ARM.attributes
                0x0000054e       0x2d d:/aboutstm32/truestudio/truestudio for stm32 9.3.0/armtools/bin/../lib/gcc/arm-atollic-eabi/6.3.1/../../../../arm-atollic-eabi/lib/armv7-m\libc.a(lib_a-memcpy-stub.o)
 .ARM.attributes
                0x0000057b       0x2d d:/aboutstm32/truestudio/truestudio for stm32 9.3.0/armtools/bin/../lib/gcc/arm-atollic-eabi/6.3.1/../../../../arm-atollic-eabi/lib/armv7-m\libc.a(lib_a-memset.o)
 .ARM.attributes
                0x000005a8       0x2d d:/aboutstm32/truestudio/truestudio for stm32 9.3.0/armtools/bin/../lib/gcc/arm-atollic-eabi/6.3.1/../../../../arm-atollic-eabi/lib/armv7-m\libc.a(lib_a-printf.o)
 .ARM.attributes
                0x000005d5       0x2d d:/aboutstm32/truestudio/truestudio for stm32 9.3.0/armtools/bin/../lib/gcc/arm-atollic-eabi/6.3.1/../../../../arm-atollic-eabi/lib/armv7-m\libc.a(lib_a-puts.o)
 .ARM.attributes
                0x00000602       0x2d d:/aboutstm32/truestudio/truestudio for stm32 9.3.0/armtools/bin/../lib/gcc/arm-atollic-eabi/6.3.1/../../../../arm-atollic-eabi/lib/armv7-m\libc.a(lib_a-reent.o)
 .ARM.attributes
                0x0000062f       0x2d d:/aboutstm32/truestudio/truestudio for stm32 9.3.0/armtools/bin/../lib/gcc/arm-atollic-eabi/6.3.1/../../../../arm-atollic-eabi/lib/armv7-m\libc.a(lib_a-snprintf.o)
 .ARM.attributes
                0x0000065c       0x2d d:/aboutstm32/truestudio/truestudio for stm32 9.3.0/armtools/bin/../lib/gcc/arm-atollic-eabi/6.3.1/../../../../arm-atollic-eabi/lib/armv7-m\libc.a(lib_a-sprintf.o)
 .ARM.attributes
                0x00000689       0x2d d:/aboutstm32/truestudio/truestudio for stm32 9.3.0/armtools/bin/../lib/gcc/arm-atollic-eabi/6.3.1/../../../../arm-atollic-eabi/lib/armv7-m\libc.a(lib_a-strchr.o)
 .ARM.attributes
                0x000006b6       0x17 d:/aboutstm32/truestudio/truestudio for stm32 9.3.0/armtools/bin/../lib/gcc/arm-atollic-eabi/6.3.1/../../../../arm-atollic-eabi/lib/armv7-m\libc.a(lib_a-strlen.o)
 .ARM.attributes
                0x000006cd       0x2d d:/aboutstm32/truestudio/truestudio for stm32 9.3.0/armtools/bin/../lib/gcc/arm-atollic-eabi/6.3.1/../../../../arm-atollic-eabi/lib/armv7-m\libc.a(lib_a-strncat.o)
 .ARM.attributes
                0x000006fa       0x2d d:/aboutstm32/truestudio/truestudio for stm32 9.3.0/armtools/bin/../lib/gcc/arm-atollic-eabi/6.3.1/../../../../arm-atollic-eabi/lib/armv7-m\libc.a(lib_a-strstr.o)
 .ARM.attributes
                0x00000727       0x2d d:/aboutstm32/truestudio/truestudio for stm32 9.3.0/armtools/bin/../lib/gcc/arm-atollic-eabi/6.3.1/../../../../arm-atollic-eabi/lib/armv7-m\libc.a(lib_a-strtok.o)
 .ARM.attributes
                0x00000754       0x2d d:/aboutstm32/truestudio/truestudio for stm32 9.3.0/armtools/bin/../lib/gcc/arm-atollic-eabi/6.3.1/../../../../arm-atollic-eabi/lib/armv7-m\libc.a(lib_a-strtok_r.o)
 .ARM.attributes
                0x00000781       0x2d d:/aboutstm32/truestudio/truestudio for stm32 9.3.0/armtools/bin/../lib/gcc/arm-atollic-eabi/6.3.1/../../../../arm-atollic-eabi/lib/armv7-m\libc.a(lib_a-strtol.o)
 .ARM.attributes
                0x000007ae       0x2d d:/aboutstm32/truestudio/truestudio for stm32 9.3.0/armtools/bin/../lib/gcc/arm-atollic-eabi/6.3.1/../../../../arm-atollic-eabi/lib/armv7-m\libc.a(lib_a-svfprintf.o)
 .ARM.attributes
                0x000007db       0x2d d:/aboutstm32/truestudio/truestudio for stm32 9.3.0/armtools/bin/../lib/gcc/arm-atollic-eabi/6.3.1/../../../../arm-atollic-eabi/lib/armv7-m\libc.a(lib_a-vfprintf.o)
 .ARM.attributes
                0x00000808       0x2d d:/aboutstm32/truestudio/truestudio for stm32 9.3.0/armtools/bin/../lib/gcc/arm-atollic-eabi/6.3.1/../../../../arm-atollic-eabi/lib/armv7-m\libc.a(lib_a-wsetup.o)
 .ARM.attributes
                0x00000835       0x2d d:/aboutstm32/truestudio/truestudio for stm32 9.3.0/armtools/bin/../lib/gcc/arm-atollic-eabi/6.3.1/../../../../arm-atollic-eabi/lib/armv7-m\libc.a(lib_a-dtoa.o)
 .ARM.attributes
                0x00000862       0x2d d:/aboutstm32/truestudio/truestudio for stm32 9.3.0/armtools/bin/../lib/gcc/arm-atollic-eabi/6.3.1/../../../../arm-atollic-eabi/lib/armv7-m\libc.a(lib_a-fflush.o)
 .ARM.attributes
                0x0000088f       0x2d d:/aboutstm32/truestudio/truestudio for stm32 9.3.0/armtools/bin/../lib/gcc/arm-atollic-eabi/6.3.1/../../../../arm-atollic-eabi/lib/armv7-m\libc.a(lib_a-findfp.o)
 .ARM.attributes
                0x000008bc       0x2d d:/aboutstm32/truestudio/truestudio for stm32 9.3.0/armtools/bin/../lib/gcc/arm-atollic-eabi/6.3.1/../../../../arm-atollic-eabi/lib/armv7-m\libc.a(lib_a-freer.o)
 .ARM.attributes
                0x000008e9       0x2d d:/aboutstm32/truestudio/truestudio for stm32 9.3.0/armtools/bin/../lib/gcc/arm-atollic-eabi/6.3.1/../../../../arm-atollic-eabi/lib/armv7-m\libc.a(lib_a-fvwrite.o)
 .ARM.attributes
                0x00000916       0x2d d:/aboutstm32/truestudio/truestudio for stm32 9.3.0/armtools/bin/../lib/gcc/arm-atollic-eabi/6.3.1/../../../../arm-atollic-eabi/lib/armv7-m\libc.a(lib_a-fwalk.o)
 .ARM.attributes
                0x00000943       0x2d d:/aboutstm32/truestudio/truestudio for stm32 9.3.0/armtools/bin/../lib/gcc/arm-atollic-eabi/6.3.1/../../../../arm-atollic-eabi/lib/armv7-m\libc.a(lib_a-impure.o)
 .ARM.attributes
                0x00000970       0x2d d:/aboutstm32/truestudio/truestudio for stm32 9.3.0/armtools/bin/../lib/gcc/arm-atollic-eabi/6.3.1/../../../../arm-atollic-eabi/lib/armv7-m\libc.a(lib_a-locale.o)
 .ARM.attributes
                0x0000099d       0x2d d:/aboutstm32/truestudio/truestudio for stm32 9.3.0/armtools/bin/../lib/gcc/arm-atollic-eabi/6.3.1/../../../../arm-atollic-eabi/lib/armv7-m\libc.a(lib_a-localeconv.o)
 .ARM.attributes
                0x000009ca       0x2d d:/aboutstm32/truestudio/truestudio for stm32 9.3.0/armtools/bin/../lib/gcc/arm-atollic-eabi/6.3.1/../../../../arm-atollic-eabi/lib/armv7-m\libc.a(lib_a-lock.o)
 .ARM.attributes
                0x000009f7       0x2d d:/aboutstm32/truestudio/truestudio for stm32 9.3.0/armtools/bin/../lib/gcc/arm-atollic-eabi/6.3.1/../../../../arm-atollic-eabi/lib/armv7-m\libc.a(lib_a-makebuf.o)
 .ARM.attributes
                0x00000a24       0x2d d:/aboutstm32/truestudio/truestudio for stm32 9.3.0/armtools/bin/../lib/gcc/arm-atollic-eabi/6.3.1/../../../../arm-atollic-eabi/lib/armv7-m\libc.a(lib_a-malloc.o)
 .ARM.attributes
                0x00000a51       0x2d d:/aboutstm32/truestudio/truestudio for stm32 9.3.0/armtools/bin/../lib/gcc/arm-atollic-eabi/6.3.1/../../../../arm-atollic-eabi/lib/armv7-m\libc.a(lib_a-mallocr.o)
 .ARM.attributes
                0x00000a7e       0x2d d:/aboutstm32/truestudio/truestudio for stm32 9.3.0/armtools/bin/../lib/gcc/arm-atollic-eabi/6.3.1/../../../../arm-atollic-eabi/lib/armv7-m\libc.a(lib_a-mbtowc_r.o)
 .ARM.attributes
                0x00000aab       0x2d d:/aboutstm32/truestudio/truestudio for stm32 9.3.0/armtools/bin/../lib/gcc/arm-atollic-eabi/6.3.1/../../../../arm-atollic-eabi/lib/armv7-m\libc.a(lib_a-memchr-stub.o)
 .ARM.attributes
                0x00000ad8       0x2d d:/aboutstm32/truestudio/truestudio for stm32 9.3.0/armtools/bin/../lib/gcc/arm-atollic-eabi/6.3.1/../../../../arm-atollic-eabi/lib/armv7-m\libc.a(lib_a-memmove.o)
 .ARM.attributes
                0x00000b05       0x2d d:/aboutstm32/truestudio/truestudio for stm32 9.3.0/armtools/bin/../lib/gcc/arm-atollic-eabi/6.3.1/../../../../arm-atollic-eabi/lib/armv7-m\libc.a(lib_a-mlock.o)
 .ARM.attributes
                0x00000b32       0x2d d:/aboutstm32/truestudio/truestudio for stm32 9.3.0/armtools/bin/../lib/gcc/arm-atollic-eabi/6.3.1/../../../../arm-atollic-eabi/lib/armv7-m\libc.a(lib_a-mprec.o)
 .ARM.attributes
                0x00000b5f       0x2d d:/aboutstm32/truestudio/truestudio for stm32 9.3.0/armtools/bin/../lib/gcc/arm-atollic-eabi/6.3.1/../../../../arm-atollic-eabi/lib/armv7-m\libc.a(lib_a-reallocr.o)
 .ARM.attributes
                0x00000b8c       0x2d d:/aboutstm32/truestudio/truestudio for stm32 9.3.0/armtools/bin/../lib/gcc/arm-atollic-eabi/6.3.1/../../../../arm-atollic-eabi/lib/armv7-m\libc.a(lib_a-sbrkr.o)
 .ARM.attributes
                0x00000bb9       0x2d d:/aboutstm32/truestudio/truestudio for stm32 9.3.0/armtools/bin/../lib/gcc/arm-atollic-eabi/6.3.1/../../../../arm-atollic-eabi/lib/armv7-m\libc.a(lib_a-stdio.o)
 .ARM.attributes
                0x00000be6       0x2d d:/aboutstm32/truestudio/truestudio for stm32 9.3.0/armtools/bin/../lib/gcc/arm-atollic-eabi/6.3.1/../../../../arm-atollic-eabi/lib/armv7-m\libc.a(lib_a-svfiprintf.o)
 .ARM.attributes
                0x00000c13       0x2d d:/aboutstm32/truestudio/truestudio for stm32 9.3.0/armtools/bin/../lib/gcc/arm-atollic-eabi/6.3.1/../../../../arm-atollic-eabi/lib/armv7-m\libc.a(lib_a-vfiprintf.o)
 .ARM.attributes
                0x00000c40       0x2d d:/aboutstm32/truestudio/truestudio for stm32 9.3.0/armtools/bin/../lib/gcc/arm-atollic-eabi/6.3.1/../../../../arm-atollic-eabi/lib/armv7-m\libc.a(lib_a-wctomb_r.o)
 .ARM.attributes
                0x00000c6d       0x2d d:/aboutstm32/truestudio/truestudio for stm32 9.3.0/armtools/bin/../lib/gcc/arm-atollic-eabi/6.3.1/../../../../arm-atollic-eabi/lib/armv7-m\libc.a(lib_a-writer.o)
 .ARM.attributes
                0x00000c9a       0x2d d:/aboutstm32/truestudio/truestudio for stm32 9.3.0/armtools/bin/../lib/gcc/arm-atollic-eabi/6.3.1/../../../../arm-atollic-eabi/lib/armv7-m\libc.a(lib_a-callocr.o)
 .ARM.attributes
                0x00000cc7       0x2d d:/aboutstm32/truestudio/truestudio for stm32 9.3.0/armtools/bin/../lib/gcc/arm-atollic-eabi/6.3.1/../../../../arm-atollic-eabi/lib/armv7-m\libc.a(lib_a-closer.o)
 .ARM.attributes
                0x00000cf4       0x2d d:/aboutstm32/truestudio/truestudio for stm32 9.3.0/armtools/bin/../lib/gcc/arm-atollic-eabi/6.3.1/../../../../arm-atollic-eabi/lib/armv7-m\libc.a(lib_a-ctype_.o)
 .ARM.attributes
                0x00000d21       0x2d d:/aboutstm32/truestudio/truestudio for stm32 9.3.0/armtools/bin/../lib/gcc/arm-atollic-eabi/6.3.1/../../../../arm-atollic-eabi/lib/armv7-m\libc.a(lib_a-fclose.o)
 .ARM.attributes
                0x00000d4e       0x2d d:/aboutstm32/truestudio/truestudio for stm32 9.3.0/armtools/bin/../lib/gcc/arm-atollic-eabi/6.3.1/../../../../arm-atollic-eabi/lib/armv7-m\libc.a(lib_a-fputwc.o)
 .ARM.attributes
                0x00000d7b       0x2d d:/aboutstm32/truestudio/truestudio for stm32 9.3.0/armtools/bin/../lib/gcc/arm-atollic-eabi/6.3.1/../../../../arm-atollic-eabi/lib/armv7-m\libc.a(lib_a-fstatr.o)
 .ARM.attributes
                0x00000da8       0x2d d:/aboutstm32/truestudio/truestudio for stm32 9.3.0/armtools/bin/../lib/gcc/arm-atollic-eabi/6.3.1/../../../../arm-atollic-eabi/lib/armv7-m\libc.a(lib_a-isattyr.o)
 .ARM.attributes
                0x00000dd5       0x2d d:/aboutstm32/truestudio/truestudio for stm32 9.3.0/armtools/bin/../lib/gcc/arm-atollic-eabi/6.3.1/../../../../arm-atollic-eabi/lib/armv7-m\libc.a(lib_a-lseekr.o)
 .ARM.attributes
                0x00000e02       0x2d d:/aboutstm32/truestudio/truestudio for stm32 9.3.0/armtools/bin/../lib/gcc/arm-atollic-eabi/6.3.1/../../../../arm-atollic-eabi/lib/armv7-m\libc.a(lib_a-readr.o)
 .ARM.attributes
                0x00000e2f       0x2d d:/aboutstm32/truestudio/truestudio for stm32 9.3.0/armtools/bin/../lib/gcc/arm-atollic-eabi/6.3.1/../../../../arm-atollic-eabi/lib/armv7-m\libc.a(lib_a-wbuf.o)
 .ARM.attributes
                0x00000e5c       0x2d d:/aboutstm32/truestudio/truestudio for stm32 9.3.0/armtools/bin/../lib/gcc/arm-atollic-eabi/6.3.1/../../../../arm-atollic-eabi/lib/armv7-m\libc.a(lib_a-wcrtomb.o)
 .ARM.attributes
                0x00000e89       0x1d d:/aboutstm32/truestudio/truestudio for stm32 9.3.0/armtools/bin/../lib/gcc/arm-atollic-eabi/6.3.1/armv7-m\libgcc.a(_arm_addsubdf3.o)
 .ARM.attributes
                0x00000ea6       0x1d d:/aboutstm32/truestudio/truestudio for stm32 9.3.0/armtools/bin/../lib/gcc/arm-atollic-eabi/6.3.1/armv7-m\libgcc.a(_arm_muldivdf3.o)
 .ARM.attributes
                0x00000ec3       0x1d d:/aboutstm32/truestudio/truestudio for stm32 9.3.0/armtools/bin/../lib/gcc/arm-atollic-eabi/6.3.1/armv7-m\libgcc.a(_arm_cmpdf2.o)
 .ARM.attributes
                0x00000ee0       0x1d d:/aboutstm32/truestudio/truestudio for stm32 9.3.0/armtools/bin/../lib/gcc/arm-atollic-eabi/6.3.1/armv7-m\libgcc.a(_arm_unorddf2.o)
 .ARM.attributes
                0x00000efd       0x1d d:/aboutstm32/truestudio/truestudio for stm32 9.3.0/armtools/bin/../lib/gcc/arm-atollic-eabi/6.3.1/armv7-m\libgcc.a(_arm_fixdfsi.o)
 .ARM.attributes
                0x00000f1a       0x1d d:/aboutstm32/truestudio/truestudio for stm32 9.3.0/armtools/bin/../lib/gcc/arm-atollic-eabi/6.3.1/armv7-m\libgcc.a(_aeabi_uldivmod.o)
 .ARM.attributes
                0x00000f37       0x2d d:/aboutstm32/truestudio/truestudio for stm32 9.3.0/armtools/bin/../lib/gcc/arm-atollic-eabi/6.3.1/armv7-m\libgcc.a(_udivmoddi4.o)
 .ARM.attributes
                0x00000f64       0x1d d:/aboutstm32/truestudio/truestudio for stm32 9.3.0/armtools/bin/../lib/gcc/arm-atollic-eabi/6.3.1/armv7-m\libgcc.a(_dvmd_tls.o)
 .ARM.attributes
                0x00000f81       0x1d d:/aboutstm32/truestudio/truestudio for stm32 9.3.0/armtools/bin/../lib/gcc/arm-atollic-eabi/6.3.1/armv7-m/crtn.o
OUTPUT(sixIAP.elf elf32-littlearm)

.debug_info     0x00000000    0x10c9a
 .debug_info    0x00000000     0x13f7 App\Tim\tim4.o
 .debug_info    0x000013f7      0xc8a App\flash\STMFlash.o
 .debug_info    0x00002081     0x13d3 App\module_4G\usart_4G.o
 .debug_info    0x00003454     0x118a App\tcp\public\tcp_public.o
 .debug_info    0x000045de      0x9fa App\util\base64.o
 .debug_info    0x00004fd8      0xbf4 App\util\md5.o
 .debug_info    0x00005bcc      0xad7 IAP\Src\common.o
 .debug_info    0x000066a3     0x1868 IAP\Src\iap.o
 .debug_info    0x00007f0b      0x54d Libraries\STM32F10x_StdPeriph_Driver\src\misc.o
 .debug_info    0x00008458      0x7c8 Libraries\STM32F10x_StdPeriph_Driver\src\stm32f10x_flash.o
 .debug_info    0x00008c20      0x701 Libraries\STM32F10x_StdPeriph_Driver\src\stm32f10x_gpio.o
 .debug_info    0x00009321      0x8b2 Libraries\STM32F10x_StdPeriph_Driver\src\stm32f10x_rcc.o
 .debug_info    0x00009bd3     0x1c6b Libraries\STM32F10x_StdPeriph_Driver\src\stm32f10x_tim.o
 .debug_info    0x0000b83e      0x9fb Libraries\STM32F10x_StdPeriph_Driver\src\stm32f10x_usart.o
 .debug_info    0x0000c239      0x451 MALLOC\malloc.o
 .debug_info    0x0000c68a      0x1e1 Public\systick.o
 .debug_info    0x0000c86b     0x1321 Public\usart.o
 .debug_info    0x0000db8c     0x10ac src\main.o
 .debug_info    0x0000ec38       0x85 src\startup_stm32f10x_hd.o
 .debug_info    0x0000ecbd      0x986 src\stm32f1xx_it.o
 .debug_info    0x0000f643     0x11b0 src\syscalls.o
 .debug_info    0x000107f3      0x4a7 src\system_stm32f10x.o

.debug_abbrev   0x00000000     0x2ab2
 .debug_abbrev  0x00000000      0x264 App\Tim\tim4.o
 .debug_abbrev  0x00000264      0x238 App\flash\STMFlash.o
 .debug_abbrev  0x0000049c      0x2b2 App\module_4G\usart_4G.o
 .debug_abbrev  0x0000074e      0x2d9 App\tcp\public\tcp_public.o
 .debug_abbrev  0x00000a27      0x1c2 App\util\base64.o
 .debug_abbrev  0x00000be9      0x1f2 App\util\md5.o
 .debug_abbrev  0x00000ddb      0x204 IAP\Src\common.o
 .debug_abbrev  0x00000fdf      0x3b1 IAP\Src\iap.o
 .debug_abbrev  0x00001390      0x172 Libraries\STM32F10x_StdPeriph_Driver\src\misc.o
 .debug_abbrev  0x00001502      0x1a0 Libraries\STM32F10x_StdPeriph_Driver\src\stm32f10x_flash.o
 .debug_abbrev  0x000016a2      0x1dd Libraries\STM32F10x_StdPeriph_Driver\src\stm32f10x_gpio.o
 .debug_abbrev  0x0000187f      0x1cf Libraries\STM32F10x_StdPeriph_Driver\src\stm32f10x_rcc.o
 .debug_abbrev  0x00001a4e      0x1c3 Libraries\STM32F10x_StdPeriph_Driver\src\stm32f10x_tim.o
 .debug_abbrev  0x00001c11      0x18f Libraries\STM32F10x_StdPeriph_Driver\src\stm32f10x_usart.o
 .debug_abbrev  0x00001da0      0x1c3 MALLOC\malloc.o
 .debug_abbrev  0x00001f63       0xfe Public\systick.o
 .debug_abbrev  0x00002061      0x278 Public\usart.o
 .debug_abbrev  0x000022d9      0x253 src\main.o
 .debug_abbrev  0x0000252c       0x12 src\startup_stm32f10x_hd.o
 .debug_abbrev  0x0000253e      0x190 src\stm32f1xx_it.o
 .debug_abbrev  0x000026ce      0x276 src\syscalls.o
 .debug_abbrev  0x00002944      0x16e src\system_stm32f10x.o

.debug_aranges  0x00000000      0xc20
 .debug_aranges
                0x00000000       0x30 App\Tim\tim4.o
 .debug_aranges