core_cm3.h:1107:22:NVIC_SystemReset	4	static
iap.c:28:6:catReqStr4UPdate	40	static
iap.c:39:6:request	40	static
iap.c:57:6:request4UPdate	24	static
iap.c:75:6:request4UPdataComplete	32	static
iap.c:95:13:FLASH_DisableWriteProtectionPages	24	static
iap.c:149:6:IAP_WriteFlag	16	static
iap.c:156:10:IAP_ReadFlag	8	static
iap.c:162:6:IAP_USART_Init	8	static
iap.c:167:6:IAP_Init	8	static
iap.c:179:4:IAP_RunApp	16	static
iap.c:202:6:IAP_Main_Menu	16	static
iap.c:265:4:check_response	24	static
iap.c:332:8:IAP_Update	128	static
iap.c:656:8:IAP_Upload	8	static
iap.c:663:8:IAP_Erase	16	static
iap.c:674:4:Set_DeviceID	32	static
iap.c:720:6:Get_DeviceID	8	static
